Archive member included to satisfy reference by file (symbol)

/home/jstifter/st/stm32cubeide_2.0.0_2/plugins/com.st.stm32cube.ide.mcu.externaltools.gnu-tools-for-stm32.13.3.rel1.linux64_1.0.100.202509120712/tools/bin/../lib/gcc/arm-none-eabi/13.3.1/../../../../arm-none-eabi/lib/thumb/v7e-m+fp/hard/libc_nano.a(libc_a-exit.o)
                              /home/jstifter/st/stm32cubeide_2.0.0_2/plugins/com.st.stm32cube.ide.mcu.externaltools.gnu-tools-for-stm32.13.3.rel1.linux64_1.0.100.202509120712/tools/bin/../lib/gcc/arm-none-eabi/13.3.1/../../../../arm-none-eabi/lib/thumb/v7e-m+fp/hard/crt0.o (exit)
/home/jstifter/st/stm32cubeide_2.0.0_2/plugins/com.st.stm32cube.ide.mcu.externaltools.gnu-tools-for-stm32.13.3.rel1.linux64_1.0.100.202509120712/tools/bin/../lib/gcc/arm-none-eabi/13.3.1/../../../../arm-none-eabi/lib/thumb/v7e-m+fp/hard/libc_nano.a(libc_a-malloc.o)
                              ./Middlewares/ST/STM32_USB_Host_Library/Class/CDC/Src/usbh_cdc.o (malloc)
/home/jstifter/st/stm32cubeide_2.0.0_2/plugins/com.st.stm32cube.ide.mcu.externaltools.gnu-tools-for-stm32.13.3.rel1.linux64_1.0.100.202509120712/tools/bin/../lib/gcc/arm-none-eabi/13.3.1/../../../../arm-none-eabi/lib/thumb/v7e-m+fp/hard/libc_nano.a(libc_a-mallocr.o)
                              /home/jstifter/st/stm32cubeide_2.0.0_2/plugins/com.st.stm32cube.ide.mcu.externaltools.gnu-tools-for-stm32.13.3.rel1.linux64_1.0.100.202509120712/tools/bin/../lib/gcc/arm-none-eabi/13.3.1/../../../../arm-none-eabi/lib/thumb/v7e-m+fp/hard/libc_nano.a(libc_a-malloc.o) (_malloc_r)
/home/jstifter/st/stm32cubeide_2.0.0_2/plugins/com.st.stm32cube.ide.mcu.externaltools.gnu-tools-for-stm32.13.3.rel1.linux64_1.0.100.202509120712/tools/bin/../lib/gcc/arm-none-eabi/13.3.1/../../../../arm-none-eabi/lib/thumb/v7e-m+fp/hard/libc_nano.a(libc_a-mlock.o)
                              /home/jstifter/st/stm32cubeide_2.0.0_2/plugins/com.st.stm32cube.ide.mcu.externaltools.gnu-tools-for-stm32.13.3.rel1.linux64_1.0.100.202509120712/tools/bin/../lib/gcc/arm-none-eabi/13.3.1/../../../../arm-none-eabi/lib/thumb/v7e-m+fp/hard/libc_nano.a(libc_a-mallocr.o) (__malloc_lock)
/home/jstifter/st/stm32cubeide_2.0.0_2/plugins/com.st.stm32cube.ide.mcu.externaltools.gnu-tools-for-stm32.13.3.rel1.linux64_1.0.100.202509120712/tools/bin/../lib/gcc/arm-none-eabi/13.3.1/../../../../arm-none-eabi/lib/thumb/v7e-m+fp/hard/libc_nano.a(libc_a-findfp.o)
                              /home/jstifter/st/stm32cubeide_2.0.0_2/plugins/com.st.stm32cube.ide.mcu.externaltools.gnu-tools-for-stm32.13.3.rel1.linux64_1.0.100.202509120712/tools/bin/../lib/gcc/arm-none-eabi/13.3.1/../../../../arm-none-eabi/lib/thumb/v7e-m+fp/hard/libc_nano.a(libc_a-exit.o) (__stdio_exit_handler)
/home/jstifter/st/stm32cubeide_2.0.0_2/plugins/com.st.stm32cube.ide.mcu.externaltools.gnu-tools-for-stm32.13.3.rel1.linux64_1.0.100.202509120712/tools/bin/../lib/gcc/arm-none-eabi/13.3.1/../../../../arm-none-eabi/lib/thumb/v7e-m+fp/hard/libc_nano.a(libc_a-fwalk.o)
                              /home/jstifter/st/stm32cubeide_2.0.0_2/plugins/com.st.stm32cube.ide.mcu.externaltools.gnu-tools-for-stm32.13.3.rel1.linux64_1.0.100.202509120712/tools/bin/../lib/gcc/arm-none-eabi/13.3.1/../../../../arm-none-eabi/lib/thumb/v7e-m+fp/hard/libc_nano.a(libc_a-findfp.o) (_fwalk_sglue)
/home/jstifter/st/stm32cubeide_2.0.0_2/plugins/com.st.stm32cube.ide.mcu.externaltools.gnu-tools-for-stm32.13.3.rel1.linux64_1.0.100.202509120712/tools/bin/../lib/gcc/arm-none-eabi/13.3.1/../../../../arm-none-eabi/lib/thumb/v7e-m+fp/hard/libc_nano.a(libc_a-snprintf.o)
                              ./Core/Src/main.o (snprintf)
/home/jstifter/st/stm32cubeide_2.0.0_2/plugins/com.st.stm32cube.ide.mcu.externaltools.gnu-tools-for-stm32.13.3.rel1.linux64_1.0.100.202509120712/tools/bin/../lib/gcc/arm-none-eabi/13.3.1/../../../../arm-none-eabi/lib/thumb/v7e-m+fp/hard/libc_nano.a(libc_a-stdio.o)
                              /home/jstifter/st/stm32cubeide_2.0.0_2/plugins/com.st.stm32cube.ide.mcu.externaltools.gnu-tools-for-stm32.13.3.rel1.linux64_1.0.100.202509120712/tools/bin/../lib/gcc/arm-none-eabi/13.3.1/../../../../arm-none-eabi/lib/thumb/v7e-m+fp/hard/libc_nano.a(libc_a-findfp.o) (__sread)
/home/jstifter/st/stm32cubeide_2.0.0_2/plugins/com.st.stm32cube.ide.mcu.externaltools.gnu-tools-for-stm32.13.3.rel1.linux64_1.0.100.202509120712/tools/bin/../lib/gcc/arm-none-eabi/13.3.1/../../../../arm-none-eabi/lib/thumb/v7e-m+fp/hard/libc_nano.a(libc_a-memset.o)
                              /home/jstifter/st/stm32cubeide_2.0.0_2/plugins/com.st.stm32cube.ide.mcu.externaltools.gnu-tools-for-stm32.13.3.rel1.linux64_1.0.100.202509120712/tools/bin/../lib/gcc/arm-none-eabi/13.3.1/../../../../arm-none-eabi/lib/thumb/v7e-m+fp/hard/crt0.o (memset)
[...]
Memory Configuration

Name             Origin             Length             Attributes
CCMRAM           0x10000000         0x00010000         xrw
RAM              0x20000000         0x00020000         xrw
FLASH            0x08000000         0x00100000         xr
*default*        0x00000000         0xffffffff

Linker script and memory map

LOAD /home/jstifter/st/stm32cubeide_2.0.0_2/plugins/com.st.stm32cube.ide.mcu.externaltools.gnu-tools-for-stm32.13.3.rel1.linux64_1.0.100.202509120712/tools/bin/../lib/gcc/arm-none-eabi/13.3.1/thumb/v7e-m+fp/hard/crti.o
LOAD /home/jstifter/st/stm32cubeide_2.0.0_2/plugins/com.st.stm32cube.ide.mcu.externaltools.gnu-tools-for-stm32.13.3.rel1.linux64_1.0.100.202509120712/tools/bin/../lib/gcc/arm-none-eabi/13.3.1/thumb/v7e-m+fp/hard/crtbegin.o
LOAD /home/jstifter/st/stm32cubeide_2.0.0_2/plugins/com.st.stm32cube.ide.mcu.externaltools.gnu-tools-for-stm32.13.3.rel1.linux64_1.0.100.202509120712/tools/bin/../lib/gcc/arm-none-eabi/13.3.1/../../../../arm-none-eabi/lib/thumb/v7e-m+fp/hard/crt0.o
LOAD ./Core/Src/main.o
LOAD ./Core/Src/stm32f4xx_hal_msp.o
LOAD ./Core/Src/stm32f4xx_it.o
LOAD ./Core/Src/syscalls.o
LOAD ./Core/Src/sysmem.o
LOAD ./Core/Src/system_stm32f4xx.o
LOAD ./Core/Startup/startup_stm32f407vgtx.o
LOAD ./Drivers/STM32F4xx_HAL_Driver/Src/stm32f4xx_hal.o
LOAD ./Drivers/STM32F4xx_HAL_Driver/Src/stm32f4xx_hal_cortex.o
LOAD ./Drivers/STM32F4xx_HAL_Driver/Src/stm32f4xx_hal_dma.o
LOAD ./Drivers/STM32F4xx_HAL_Driver/Src/stm32f4xx_hal_dma_ex.o
LOAD ./Drivers/STM32F4xx_HAL_Driver/Src/stm32f4xx_hal_exti.o
LOAD ./Drivers/STM32F4xx_HAL_Driver/Src/stm32f4xx_hal_flash.o
LOAD ./Drivers/STM32F4xx_HAL_Driver/Src/stm32f4xx_hal_flash_ex.o
LOAD ./Drivers/STM32F4xx_HAL_Driver/Src/stm32f4xx_hal_flash_ramfunc.o
LOAD ./Drivers/STM32F4xx_HAL_Driver/Src/stm32f4xx_hal_gpio.o
LOAD ./Drivers/STM32F4xx_HAL_Driver/Src/stm32f4xx_hal_hcd.o
LOAD ./Drivers/STM32F4xx_HAL_Driver/Src/stm32f4xx_hal_i2c.o
LOAD ./Drivers/STM32F4xx_HAL_Driver/Src/stm32f4xx_hal_i2c_ex.o
LOAD ./Drivers/STM32F4xx_HAL_Driver/Src/stm32f4xx_hal_i2s.o
LOAD ./Drivers/STM32F4xx_HAL_Driver/Src/stm32f4xx_hal_i2s_ex.o
LOAD ./Drivers/STM32F4xx_HAL_Driver/Src/stm32f4xx_hal_pwr.o
LOAD ./Drivers/STM32F4xx_HAL_Driver/Src/stm32f4xx_hal_pwr_ex.o
LOAD ./Drivers/STM32F4xx_HAL_Driver/Src/stm32f4xx_hal_rcc.o
LOAD ./Drivers/STM32F4xx_HAL_Driver/Src/stm32f4xx_hal_rcc_ex.o
LOAD ./Drivers/STM32F4xx_HAL_Driver/Src/stm32f4xx_hal_spi.o
LOAD ./Drivers/STM32F4xx_HAL_Driver/Src/stm32f4xx_ll_usb.o
LOAD ./Middlewares/ST/STM32_USB_Host_Library/Class/CDC/Src/usbh_cdc.o
LOAD ./Middlewares/ST/STM32_USB_Host_Library/Core/Src/usbh_core.o
LOAD ./Middlewares/ST/STM32_USB_Host_Library/Core/Src/usbh_ctlreq.o
LOAD ./Middlewares/ST/STM32_USB_Host_Library/Core/Src/usbh_ioreq.o
LOAD ./Middlewares/ST/STM32_USB_Host_Library/Core/Src/usbh_pipes.o
LOAD ./USB_HOST/App/usb_host.o
LOAD ./USB_HOST/Target/usbh_conf.o
LOAD ./USB_HOST/Target/usbh_platform.o
START GROUP
LOAD /home/jstifter/st/stm32cubeide_2.0.0_2/plugins/com.st.stm32cube.ide.mcu.externaltools.gnu-tools-for-stm32.13.3.rel1.linux64_1.0.100.202509120712/tools/bin/../lib/gcc/arm-none-eabi/13.3.1/../../../../arm-none-eabi/lib/thumb/v7e-m+fp/hard/libc_nano.a
LOAD /home/jstifter/st/stm32cubeide_2.0.0_2/plugins/com.st.stm32cube.ide.mcu.externaltools.gnu-tools-for-stm32.13.3.rel1.linux64_1.0.100.202509120712/tools/bin/../lib/gcc/arm-none-eabi/13.3.1/../../../../arm-none-eabi/lib/thumb/v7e-m+fp/hard/libm.a
END GROUP
START GROUP
LOAD /home/jstifter/st/stm32cubeide_2.0.0_2/plugins/com.st.stm32cube.ide.mcu.externaltools.gnu-tools-for-stm32.13.3.rel1.linux64_1.0.100.202509120712/tools/bin/../lib/gcc/arm-none-eabi/13.3.1/thumb/v7e-m+fp/hard/libgcc.a
LOAD /home/jstifter/st/stm32cubeide_2.0.0_2/plugins/com.st.stm32cube.ide.mcu.externaltools.gnu-tools-for-stm32.13.3.rel1.linux64_1.0.100.202509120712/tools/bin/../lib/gcc/arm-none-eabi/13.3.1/../../../../arm-none-eabi/lib/thumb/v7e-m+fp/hard/libc_nano.a
END GROUP
START GROUP
LOAD /home/jstifter/st/stm32cubeide_2.0.0_2/plugins/com.st.stm32cube.ide.mcu.externaltools.gnu-tools-for-stm32.13.3.rel1.linux64_1.0.100.202509120712/tools/bin/../lib/gcc/arm-none-eabi/13.3.1/thumb/v7e-m+fp/hard/libgcc.a
LOAD /home/jstifter/st/stm32cubeide_2.0.0_2/plugins/com.st.stm32cube.ide.mcu.externaltools.gnu-tools-for-stm32.13.3.rel1.linux64_1.0.100.202509120712/tools/bin/../lib/gcc/arm-none-eabi/13.3.1/../../../../arm-none-eabi/lib/thumb/v7e-m+fp/hard/libc_nano.a
LOAD /home/jstifter/st/stm32cubeide_2.0.0_2/plugins/com.st.stm32cube.ide.mcu.externaltools.gnu-tools-for-stm32.13.3.rel1.linux64_1.0.100.202509120712/tools/bin/../lib/gcc/arm-none-eabi/13.3.1/../../../../arm-none-eabi/lib/thumb/v7e-m+fp/hard/libnosys.a
END GROUP
START GROUP
LOAD /home/jstifter/st/stm32cubeide_2.0.0_2/plugins/com.st.stm32cube.ide.mcu.externaltools.gnu-tools-for-stm32.13.3.rel1.linux64_1.0.100.202509120712/tools/bin/../lib/gcc/arm-none-eabi/13.3.1/thumb/v7e-m+fp/hard/libgcc.a
LOAD /home/jstifter/st/stm32cubeide_2.0.0_2/plugins/com.st.stm32cube.ide.mcu.externaltools.gnu-tools-for-stm32.13.3.rel1.linux64_1.0.100.202509120712/tools/bin/../lib/gcc/arm-none-eabi/13.3.1/../../../../arm-none-eabi/lib/thumb/v7e-m+fp/hard/libc_nano.a
LOAD /home/jstifter/st/stm32cubeide_2.0.0_2/plugins/com.st.stm32cube.ide.mcu.externaltools.gnu-tools-for-stm32.13.3.rel1.linux64_1.0.100.202509120712/tools/bin/../lib/gcc/arm-none-eabi/13.3.1/../../../../arm-none-eabi/lib/thumb/v7e-m+fp/hard/libnosys.a
END GROUP
LOAD /home/jstifter/st/stm32cubeide_2.0.0_2/plugins/com.st.stm32cube.ide.mcu.externaltools.gnu-tools-for-stm32.13.3.rel1.linux64_1.0.100.202509120712/tools/bin/../lib/gcc/arm-none-eabi/13.3.1/thumb/v7e-m+fp/hard/crtend.o
LOAD /home/jstifter/st/stm32cubeide_2.0.0_2/plugins/com.st.stm32cube.ide.mcu.externaltools.gnu-tools-for-stm32.13.3.rel1.linux64_1.0.100.202509120712/tools/bin/../lib/gcc/arm-none-eabi/13.3.1/thumb/v7e-m+fp/hard/crtn.o
                0x20020000                        _estack = (ORIGIN (RAM) + LENGTH (RAM))
                0x00000200                        _Min_Heap_Size = 0x200
                0x00000400                        _Min_Stack_Size = 0x400

.isr_vector     0x08000000      0x188
                0x08000000                        . = ALIGN (0x4)
 *(.isr_vector)
 .isr_vector    0x08000000      0x188 ./Core/Startup/startup_stm32f407vgtx.o
                0x08000000                g_pfnVectors
                0x08000188                        . = ALIGN (0x4)

.text           0x08000190     0x9f64
                0x08000190                        . = ALIGN (0x4)
 *(.text)
 .text          0x08000190       0x40 /home/jstifter/st/stm32cubeide_2.0.0_2/plugins/com.st.stm32cube.ide.mcu.externaltools.gnu-tools-for-stm32.13.3.rel1.linux64_1.0.100.202509120712/tools/bin/../lib/gcc/arm-none-eabi/13.3.1/thumb/v7e-m+fp/hard/crtbegin.o
 .text          0x080001d0       0xa0 /home/jstifter/st/stm32cubeide_2.0.0_2/plugins/com.st.stm32cube.ide.mcu.externaltools.gnu-tools-for-stm32.13.3.rel1.linux64_1.0.100.202509120712/tools/bin/../lib/gcc/arm-none-eabi/13.3.1/../../../../arm-none-eabi/lib/thumb/v7e-m+fp/hard/libc_nano.a(libc_a-memchr.o)
                0x080001d0                memchr
 .text          0x08000270       0x30 /home/jstifter/st/stm32cubeide_2.0.0_2/plugins/com.st.stm32cube.ide.mcu.externaltools.gnu-tools-for-stm32.13.3.rel1.linux64_1.0.100.202509120712/tools/bin/../lib/gcc/arm-none-eabi/13.3.1/thumb/v7e-m+fp/hard/libgcc.a(_aeabi_uldivmod.o)
                0x08000270                __aeabi_uldivmod
 .text          0x080002a0      0x2f8 /home/jstifter/st/stm32cubeide_2.0.0_2/plugins/com.st.stm32cube.ide.mcu.externaltools.gnu-tools-for-stm32.13.3.rel1.linux64_1.0.100.202509120712/tools/bin/../lib/gcc/arm-none-eabi/13.3.1/thumb/v7e-m+fp/hard/libgcc.a(_udivmoddi4.o)
                0x080002a0                __udivmoddi4
 .text          0x08000598        0x4 /home/jstifter/st/stm32cubeide_2.0.0_2/plugins/com.st.stm32cube.ide.mcu.externaltools.gnu-tools-for-stm32.13.3.rel1.linux64_1.0.100.202509120712/tools/bin/../lib/gcc/arm-none-eabi/13.3.1/thumb/v7e-m+fp/hard/libgcc.a(_dvmd_tls.o)
                0x08000598                __aeabi_ldiv0
                0x08000598                __aeabi_idiv0
 *(.text*)
 .text.bitrev8  0x0800059c       0x6e ./Core/Src/main.o
 *fill*         0x0800060a        0x2 
 .text.mark_all_dirty
                0x0800060c       0x18 ./Core/Src/main.o
 .text.sharp_toggle_vcom_bit
                0x08000624       0x28 ./Core/Src/main.o
 .text.sharp_select
                0x0800064c       0x18 ./Core/Src/main.o
 .text.sharp_deselect
                0x08000664       0x18 ./Core/Src/main.o
 .text.sharp_write8
                0x0800067c       0x24 ./Core/Src/main.o
 .text.sharp_vcom
                0x080006a0       0x34 ./Core/Src/main.o
 .text.write_lines
                0x080006d4      0x128 ./Core/Src/main.o
 .text.build_pixel_cluster
                0x080007fc      0x134 ./Core/Src/main.o
 .text.clear_area
                0x08000930       0xec ./Core/Src/main.o
 .text.print_area
                0x08000a1c      0x1b0 ./Core/Src/main.o
 .text.print_string
                0x08000bcc      0x1e0 ./Core/Src/main.o
 .text.init_display
                0x08000dac       0xcc ./Core/Src/main.o
 .text.display_speed
                0x08000e78       0x40 ./Core/Src/main.o
                0x08000e78                display_speed
 .text.write_sharp
                0x08000eb8       0x9c ./Core/Src/main.o
 .text.main     0x08000f54       0x4c ./Core/Src/main.o
                0x08000f54                main
 .text.SystemClock_Config
                0x08000fa0       0xd4 ./Core/Src/main.o
                0x08000fa0                SystemClock_Config
 .text.MX_I2C1_Init
                0x08001074       0x5c ./Core/Src/main.o
 .text.MX_I2S3_Init
                0x080010d0       0x60 ./Core/Src/main.o
 .text.MX_SPI2_Init
                0x08001130       0x6c ./Core/Src/main.o
 .text.MX_GPIO_Init
                0x0800119c      0x248 ./Core/Src/main.o
 .text.Error_Handler
                0x080013e4        0xc ./Core/Src/main.o
                0x080013e4                Error_Handler
 .text.HAL_MspInit
                0x080013f0       0x50 ./Core/Src/stm32f4xx_hal_msp.o
                0x080013f0                HAL_MspInit
 .text.HAL_I2C_MspInit
                0x08001440       0x90 ./Core/Src/stm32f4xx_hal_msp.o
                0x08001440                HAL_I2C_MspInit
 .text.HAL_I2S_MspInit
                0x080014d0      0x100 ./Core/Src/stm32f4xx_hal_msp.o
                0x080014d0                HAL_I2S_MspInit
 .text.HAL_SPI_MspInit
                0x080015d0       0x90 ./Core/Src/stm32f4xx_hal_msp.o
                0x080015d0                HAL_SPI_MspInit
 .text.NMI_Handler
                0x08001660        0x8 ./Core/Src/stm32f4xx_it.o
                0x08001660                NMI_Handler
 .text.HardFault_Handler
                0x08001668        0x8 ./Core/Src/stm32f4xx_it.o
                0x08001668                HardFault_Handler
 .text.MemManage_Handler
                0x08001670        0x8 ./Core/Src/stm32f4xx_it.o
                0x08001670                MemManage_Handler
 .text.BusFault_Handler
                0x08001678        0x8 ./Core/Src/stm32f4xx_it.o
                0x08001678                BusFault_Handler
 .text.UsageFault_Handler
                0x08001680        0x8 ./Core/Src/stm32f4xx_it.o
                0x08001680                UsageFault_Handler
 .text.SVC_Handler
                0x08001688        0xe ./Core/Src/stm32f4xx_it.o
                0x08001688                SVC_Handler
 .text.DebugMon_Handler
                0x08001696        0xe ./Core/Src/stm32f4xx_it.o
                0x08001696                DebugMon_Handler
 .text.PendSV_Handler
                0x080016a4        0xe ./Core/Src/stm32f4xx_it.o
                0x080016a4                PendSV_Handler
 .text.SysTick_Handler
                0x080016b2        0xc ./Core/Src/stm32f4xx_it.o
                0x080016b2                SysTick_Handler
 *fill*         0x080016be        0x2 
 .text.OTG_FS_IRQHandler
                0x080016c0       0x14 ./Core/Src/stm32f4xx_it.o
                0x080016c0                OTG_FS_IRQHandler
 .text._sbrk    0x080016d4       0x6c ./Core/Src/sysmem.o
                0x080016d4                _sbrk
 .text.SystemInit
                0x08001740       0x24 ./Core/Src/system_stm32f4xx.o
                0x08001740                SystemInit
 .text.Reset_Handler
                0x08001764       0x50 ./Core/Startup/startup_stm32f407vgtx.o
                0x08001764                Reset_Handler
 .text.Default_Handler
                0x080017b4        0x2 ./Core/Startup/startup_stm32f407vgtx.o
                0x080017b4                RTC_Alarm_IRQHandler
                0x080017b4                HASH_RNG_IRQHandler
                0x080017b4                EXTI2_IRQHandler
                0x080017b4                TIM8_CC_IRQHandler
                0x080017b4                TIM1_CC_IRQHandler
                0x080017b4                DMA2_Stream5_IRQHandler
                0x080017b4                DMA1_Stream5_IRQHandler
                0x080017b4                PVD_IRQHandler
                0x080017b4                SDIO_IRQHandler
                0x080017b4                TAMP_STAMP_IRQHandler
                0x080017b4                CAN2_RX1_IRQHandler
                0x080017b4                EXTI3_IRQHandler
                0x080017b4                TIM8_TRG_COM_TIM14_IRQHandler
                0x080017b4                TIM1_UP_TIM10_IRQHandler
                0x080017b4                TIM8_UP_TIM13_IRQHandler
                0x080017b4                I2C3_ER_IRQHandler
                0x080017b4                EXTI0_IRQHandler
                0x080017b4                I2C2_EV_IRQHandler
                0x080017b4                DMA1_Stream2_IRQHandler
                0x080017b4                CAN1_RX0_IRQHandler
                0x080017b4                FPU_IRQHandler
                0x080017b4                OTG_HS_WKUP_IRQHandler
                0x080017b4                CAN2_SCE_IRQHandler
                0x080017b4                DMA2_Stream2_IRQHandler
                0x080017b4                SPI1_IRQHandler
                0x080017b4                TIM6_DAC_IRQHandler
                0x080017b4                TIM1_BRK_TIM9_IRQHandler
                0x080017b4                DCMI_IRQHandler
                0x080017b4                CAN2_RX0_IRQHandler
                0x080017b4                DMA2_Stream3_IRQHandler
                0x080017b4                USART6_IRQHandler
                0x080017b4                USART3_IRQHandler
                0x080017b4                CAN1_RX1_IRQHandler
                0x080017b4                UART5_IRQHandler
                0x080017b4                DMA2_Stream0_IRQHandler
                0x080017b4                TIM4_IRQHandler
                0x080017b4                I2C1_EV_IRQHandler
                0x080017b4                DMA1_Stream6_IRQHandler
                0x080017b4                DMA1_Stream1_IRQHandler
                0x080017b4                UART4_IRQHandler
                0x080017b4                TIM3_IRQHandler
                0x080017b4                RCC_IRQHandler
                0x080017b4                TIM8_BRK_TIM12_IRQHandler
                0x080017b4                Default_Handler
                0x080017b4                EXTI15_10_IRQHandler
                0x080017b4                ADC_IRQHandler
                0x080017b4                DMA1_Stream7_IRQHandler
                0x080017b4                TIM7_IRQHandler
                0x080017b4                CAN2_TX_IRQHandler
                0x080017b4                TIM5_IRQHandler
                0x080017b4                DMA2_Stream7_IRQHandler
                0x080017b4                I2C3_EV_IRQHandler
                0x080017b4                EXTI9_5_IRQHandler
                0x080017b4                RTC_WKUP_IRQHandler
                0x080017b4                ETH_WKUP_IRQHandler
                0x080017b4                SPI2_IRQHandler
                0x080017b4                OTG_HS_EP1_IN_IRQHandler
                0x080017b4                DMA1_Stream0_IRQHandler
                0x080017b4                CAN1_TX_IRQHandler
                0x080017b4                EXTI4_IRQHandler
                0x080017b4                FSMC_IRQHandler
                0x080017b4                ETH_IRQHandler
                0x080017b4                OTG_HS_EP1_OUT_IRQHandler
                0x080017b4                WWDG_IRQHandler
                0x080017b4                TIM2_IRQHandler
                0x080017b4                OTG_FS_WKUP_IRQHandler
                0x080017b4                TIM1_TRG_COM_TIM11_IRQHandler
                0x080017b4                OTG_HS_IRQHandler
                0x080017b4                EXTI1_IRQHandler
                0x080017b4                USART2_IRQHandler
                0x080017b4                I2C2_ER_IRQHandler
                0x080017b4                DMA2_Stream1_IRQHandler
                0x080017b4                CAN1_SCE_IRQHandler
                0x080017b4                FLASH_IRQHandler
                0x080017b4                DMA2_Stream4_IRQHandler
                0x080017b4                USART1_IRQHandler
                0x080017b4                SPI3_IRQHandler
                0x080017b4                DMA1_Stream4_IRQHandler
                0x080017b4                I2C1_ER_IRQHandler
                0x080017b4                DMA2_Stream6_IRQHandler
                0x080017b4                DMA1_Stream3_IRQHandler
 *fill*         0x080017b6        0x2 
 .text.HAL_Init
                0x080017b8       0x44 ./Drivers/STM32F4xx_HAL_Driver/Src/stm32f4xx_hal.o
                0x080017b8                HAL_Init
 .text.HAL_InitTick
                0x080017fc       0x60 ./Drivers/STM32F4xx_HAL_Driver/Src/stm32f4xx_hal.o
                0x080017fc                HAL_InitTick
 .text.HAL_IncTick
                0x0800185c       0x28 ./Drivers/STM32F4xx_HAL_Driver/Src/stm32f4xx_hal.o
                0x0800185c                HAL_IncTick
 .text.HAL_GetTick
                0x08001884       0x18 ./Drivers/STM32F4xx_HAL_Driver/Src/stm32f4xx_hal.o
                0x08001884                HAL_GetTick
 .text.HAL_Delay
                0x0800189c       0x48 ./Drivers/STM32F4xx_HAL_Driver/Src/stm32f4xx_hal.o
                0x0800189c                HAL_Delay
 .text.__NVIC_SetPriorityGrouping
                0x080018e4       0x48 ./Drivers/STM32F4xx_HAL_Driver/Src/stm32f4xx_hal_cortex.o
 .text.__NVIC_GetPriorityGrouping
                0x0800192c       0x1c ./Drivers/STM32F4xx_HAL_Driver/Src/stm32f4xx_hal_cortex.o
 .text.__NVIC_EnableIRQ
                0x08001948       0x3c ./Drivers/STM32F4xx_HAL_Driver/Src/stm32f4xx_hal_cortex.o
 .text.__NVIC_SetPriority
                0x08001984       0x54 ./Drivers/STM32F4xx_HAL_Driver/Src/stm32f4xx_hal_cortex.o
 .text.NVIC_EncodePriority
                0x080019d8       0x66 ./Drivers/STM32F4xx_HAL_Driver/Src/stm32f4xx_hal_cortex.o
 *fill*         0x08001a3e        0x2 
 .text.SysTick_Config
                0x08001a40       0x44 ./Drivers/STM32F4xx_HAL_Driver/Src/stm32f4xx_hal_cortex.o
 .text.HAL_NVIC_SetPriorityGrouping
                0x08001a84       0x16 ./Drivers/STM32F4xx_HAL_Driver/Src/stm32f4xx_hal_cortex.o
                0x08001a84                HAL_NVIC_SetPriorityGrouping
 .text.HAL_NVIC_SetPriority
                0x08001a9a       0x38 ./Drivers/STM32F4xx_HAL_Driver/Src/stm32f4xx_hal_cortex.o
                0x08001a9a                HAL_NVIC_SetPriority
 .text.HAL_NVIC_EnableIRQ
                0x08001ad2       0x1c ./Drivers/STM32F4xx_HAL_Driver/Src/stm32f4xx_hal_cortex.o
                0x08001ad2                HAL_NVIC_EnableIRQ
 .text.HAL_SYSTICK_Config
                0x08001aee       0x18 ./Drivers/STM32F4xx_HAL_Driver/Src/stm32f4xx_hal_cortex.o
                0x08001aee                HAL_SYSTICK_Config
 *fill*         0x08001b06        0x2 
 .text.HAL_GPIO_Init
                0x08001b08      0x338 ./Drivers/STM32F4xx_HAL_Driver/Src/stm32f4xx_hal_gpio.o
                0x08001b08                HAL_GPIO_Init
 .text.HAL_GPIO_WritePin
                0x08001e40       0x32 ./Drivers/STM32F4xx_HAL_Driver/Src/stm32f4xx_hal_gpio.o
                0x08001e40                HAL_GPIO_WritePin
 .text.HAL_GPIO_TogglePin
                0x08001e72       0x34 ./Drivers/STM32F4xx_HAL_Driver/Src/stm32f4xx_hal_gpio.o
                0x08001e72                HAL_GPIO_TogglePin
 .text.HAL_HCD_Init
                0x08001ea6       0xce ./Drivers/STM32F4xx_HAL_Driver/Src/stm32f4xx_hal_hcd.o
                0x08001ea6                HAL_HCD_Init
 .text.HAL_HCD_HC_Init
                0x08001f74      0x170 ./Drivers/STM32F4xx_HAL_Driver/Src/stm32f4xx_hal_hcd.o
                0x08001f74                HAL_HCD_HC_Init
 .text.HAL_HCD_HC_SubmitRequest
                0x080020e4      0x33c ./Drivers/STM32F4xx_HAL_Driver/Src/stm32f4xx_hal_hcd.o
                0x080020e4                HAL_HCD_HC_SubmitRequest
 .text.HAL_HCD_IRQHandler
                0x08002420      0x220 ./Drivers/STM32F4xx_HAL_Driver/Src/stm32f4xx_hal_hcd.o
                0x08002420                HAL_HCD_IRQHandler
 .text.HAL_HCD_Start
                0x08002640       0x46 ./Drivers/STM32F4xx_HAL_Driver/Src/stm32f4xx_hal_hcd.o
                0x08002640                HAL_HCD_Start
 .text.HAL_HCD_Stop
                0x08002686       0x3a ./Drivers/STM32F4xx_HAL_Driver/Src/stm32f4xx_hal_hcd.o
                0x08002686                HAL_HCD_Stop
 .text.HAL_HCD_ResetPort
                0x080026c0       0x1c ./Drivers/STM32F4xx_HAL_Driver/Src/stm32f4xx_hal_hcd.o
                0x080026c0                HAL_HCD_ResetPort
 .text.HAL_HCD_HC_GetURBState
                0x080026dc       0x2a ./Drivers/STM32F4xx_HAL_Driver/Src/stm32f4xx_hal_hcd.o
                0x080026dc                HAL_HCD_HC_GetURBState
 .text.HAL_HCD_HC_GetXferCount
                0x08002706       0x2a ./Drivers/STM32F4xx_HAL_Driver/Src/stm32f4xx_hal_hcd.o
                0x08002706                HAL_HCD_HC_GetXferCount
 .text.HAL_HCD_GetCurrentFrame
                0x08002730       0x1c ./Drivers/STM32F4xx_HAL_Driver/Src/stm32f4xx_hal_hcd.o
                0x08002730                HAL_HCD_GetCurrentFrame
 .text.HAL_HCD_GetCurrentSpeed
                0x0800274c       0x1c ./Drivers/STM32F4xx_HAL_Driver/Src/stm32f4xx_hal_hcd.o
                0x0800274c                HAL_HCD_GetCurrentSpeed
 .text.HAL_HCD_HC_ClearHubInfo
                0x08002768       0x6a ./Drivers/STM32F4xx_HAL_Driver/Src/stm32f4xx_hal_hcd.o
                0x08002768                HAL_HCD_HC_ClearHubInfo
 .text.HCD_HC_IN_IRQHandler
                0x080027d2      0xcd2 ./Drivers/STM32F4xx_HAL_Driver/Src/stm32f4xx_hal_hcd.o
 .text.HCD_HC_OUT_IRQHandler
                0x080034a4      0x97e ./Drivers/STM32F4xx_HAL_Driver/Src/stm32f4xx_hal_hcd.o
 .text.HCD_RXQLVL_IRQHandler
                0x08003e22      0x1be ./Drivers/STM32F4xx_HAL_Driver/Src/stm32f4xx_hal_hcd.o
 .text.HCD_Port_IRQHandler
                0x08003fe0       0xe6 ./Drivers/STM32F4xx_HAL_Driver/Src/stm32f4xx_hal_hcd.o
 *fill*         0x080040c6        0x2 
 .text.HAL_I2C_Init
                0x080040c8      0x288 ./Drivers/STM32F4xx_HAL_Driver/Src/stm32f4xx_hal_i2c.o
                0x080040c8                HAL_I2C_Init
 .text.HAL_I2S_Init
                0x08004350      0x280 ./Drivers/STM32F4xx_HAL_Driver/Src/stm32f4xx_hal_i2s.o
                0x08004350                HAL_I2S_Init
 .text.HAL_I2S_TxCpltCallback
                0x080045d0       0x14 ./Drivers/STM32F4xx_HAL_Driver/Src/stm32f4xx_hal_i2s.o
                0x080045d0                HAL_I2S_TxCpltCallback
 .text.HAL_I2S_RxCpltCallback
                0x080045e4       0x14 ./Drivers/STM32F4xx_HAL_Driver/Src/stm32f4xx_hal_i2s.o
                0x080045e4                HAL_I2S_RxCpltCallback
 .text.HAL_I2S_ErrorCallback
                0x080045f8       0x14 ./Drivers/STM32F4xx_HAL_Driver/Src/stm32f4xx_hal_i2s.o
                0x080045f8                HAL_I2S_ErrorCallback
 .text.I2S_Transmit_IT
                0x0800460c       0x5c ./Drivers/STM32F4xx_HAL_Driver/Src/stm32f4xx_hal_i2s.o
 .text.I2S_Receive_IT
                0x08004668       0x5e ./Drivers/STM32F4xx_HAL_Driver/Src/stm32f4xx_hal_i2s.o
 .text.I2S_IRQHandler
                0x080046c6      0x114 ./Drivers/STM32F4xx_HAL_Driver/Src/stm32f4xx_hal_i2s.o
 *fill*         0x080047da        0x2 
 .text.HAL_I2SEx_FullDuplex_IRQHandler
                0x080047dc      0x2a8 ./Drivers/STM32F4xx_HAL_Driver/Src/stm32f4xx_hal_i2s_ex.o
                0x080047dc                HAL_I2SEx_FullDuplex_IRQHandler
 .text.HAL_I2SEx_TxRxCpltCallback
                0x08004a84       0x14 ./Drivers/STM32F4xx_HAL_Driver/Src/stm32f4xx_hal_i2s_ex.o
                0x08004a84                HAL_I2SEx_TxRxCpltCallback
 .text.I2SEx_TxISR_I2S
                0x08004a98       0x62 ./Drivers/STM32F4xx_HAL_Driver/Src/stm32f4xx_hal_i2s_ex.o
 *fill*         0x08004afa        0x2 
 .text.I2SEx_TxISR_I2SExt
                0x08004afc       0x98 ./Drivers/STM32F4xx_HAL_Driver/Src/stm32f4xx_hal_i2s_ex.o
 .text.I2SEx_RxISR_I2S
                0x08004b94       0x64 ./Drivers/STM32F4xx_HAL_Driver/Src/stm32f4xx_hal_i2s_ex.o
 .text.I2SEx_RxISR_I2SExt
                0x08004bf8       0x98 ./Drivers/STM32F4xx_HAL_Driver/Src/stm32f4xx_hal_i2s_ex.o
 .text.HAL_RCC_OscConfig
                0x08004c90      0x4f0 ./Drivers/STM32F4xx_HAL_Driver/Src/stm32f4xx_hal_rcc.o
                0x08004c90                HAL_RCC_OscConfig
 .text.HAL_RCC_ClockConfig
                0x08005180      0x1cc ./Drivers/STM32F4xx_HAL_Driver/Src/stm32f4xx_hal_rcc.o
                0x08005180                HAL_RCC_ClockConfig
 .text.HAL_RCC_GetSysClockFreq
                0x0800534c      0x20c ./Drivers/STM32F4xx_HAL_Driver/Src/stm32f4xx_hal_rcc.o
                0x0800534c                HAL_RCC_GetSysClockFreq
 .text.HAL_RCC_GetHCLKFreq
                0x08005558       0x18 ./Drivers/STM32F4xx_HAL_Driver/Src/stm32f4xx_hal_rcc.o
                0x08005558                HAL_RCC_GetHCLKFreq
 .text.HAL_RCC_GetPCLK1Freq
                0x08005570       0x28 ./Drivers/STM32F4xx_HAL_Driver/Src/stm32f4xx_hal_rcc.o
                0x08005570                HAL_RCC_GetPCLK1Freq
 .text.HAL_RCCEx_PeriphCLKConfig
                0x08005598      0x1c4 ./Drivers/STM32F4xx_HAL_Driver/Src/stm32f4xx_hal_rcc_ex.o
                0x08005598                HAL_RCCEx_PeriphCLKConfig
 .text.HAL_RCCEx_GetPeriphCLKFreq
                0x0800575c       0xc0 ./Drivers/STM32F4xx_HAL_Driver/Src/stm32f4xx_hal_rcc_ex.o
                0x0800575c                HAL_RCCEx_GetPeriphCLKFreq
 .text.HAL_SPI_Init
                0x0800581c      0x112 ./Drivers/STM32F4xx_HAL_Driver/Src/stm32f4xx_hal_spi.o
                0x0800581c                HAL_SPI_Init
 .text.HAL_SPI_Transmit
                0x0800592e      0x288 ./Drivers/STM32F4xx_HAL_Driver/Src/stm32f4xx_hal_spi.o
                0x0800592e                HAL_SPI_Transmit
 *fill*         0x08005bb6        0x2 
 .text.SPI_WaitFlagStateUntilTimeout
                0x08005bb8      0x110 ./Drivers/STM32F4xx_HAL_Driver/Src/stm32f4xx_hal_spi.o
 .text.SPI_EndRxTxTransaction
                0x08005cc8       0xa8 ./Drivers/STM32F4xx_HAL_Driver/Src/stm32f4xx_hal_spi.o
 .text.USB_CoreInit
                0x08005d70       0xc8 ./Drivers/STM32F4xx_HAL_Driver/Src/stm32f4xx_ll_usb.o
                0x08005d70                USB_CoreInit
 .text.USB_EnableGlobalInt
                0x08005e38       0x22 ./Drivers/STM32F4xx_HAL_Driver/Src/stm32f4xx_ll_usb.o
                0x08005e38                USB_EnableGlobalInt
 .text.USB_DisableGlobalInt
                0x08005e5a       0x22 ./Drivers/STM32F4xx_HAL_Driver/Src/stm32f4xx_ll_usb.o
                0x08005e5a                USB_DisableGlobalInt
 .text.USB_SetCurrentMode
                0x08005e7c       0x98 ./Drivers/STM32F4xx_HAL_Driver/Src/stm32f4xx_ll_usb.o
                0x08005e7c                USB_SetCurrentMode
 .text.USB_FlushTxFifo
                0x08005f14       0x64 ./Drivers/STM32F4xx_HAL_Driver/Src/stm32f4xx_ll_usb.o
                0x08005f14                USB_FlushTxFifo
 .text.USB_FlushRxFifo
                0x08005f78       0x5c ./Drivers/STM32F4xx_HAL_Driver/Src/stm32f4xx_ll_usb.o
                0x08005f78                USB_FlushRxFifo
 .text.USB_WritePacket
                0x08005fd4       0x7c ./Drivers/STM32F4xx_HAL_Driver/Src/stm32f4xx_ll_usb.o
                0x08005fd4                USB_WritePacket
 .text.USB_ReadPacket
                0x08006050       0xb0 ./Drivers/STM32F4xx_HAL_Driver/Src/stm32f4xx_ll_usb.o
                0x08006050                USB_ReadPacket
 .text.USB_ReadInterrupts
                0x08006100       0x26 ./Drivers/STM32F4xx_HAL_Driver/Src/stm32f4xx_ll_usb.o
                0x08006100                USB_ReadInterrupts
 .text.USB_ReadChInterrupts
                0x08006126       0x42 ./Drivers/STM32F4xx_HAL_Driver/Src/stm32f4xx_ll_usb.o
                0x08006126                USB_ReadChInterrupts
 .text.USB_GetMode
                0x08006168       0x1c ./Drivers/STM32F4xx_HAL_Driver/Src/stm32f4xx_ll_usb.o
                0x08006168                USB_GetMode
 .text.USB_CoreReset
                0x08006184       0x70 ./Drivers/STM32F4xx_HAL_Driver/Src/stm32f4xx_ll_usb.o
 .text.USB_HostInit
                0x080061f4      0x188 ./Drivers/STM32F4xx_HAL_Driver/Src/stm32f4xx_ll_usb.o
                0x080061f4                USB_HostInit
 .text.USB_InitFSLSPClkSel
                0x0800637c       0x7a ./Drivers/STM32F4xx_HAL_Driver/Src/stm32f4xx_ll_usb.o
                0x0800637c                USB_InitFSLSPClkSel
 .text.USB_ResetPort
                0x080063f6       0x54 ./Drivers/STM32F4xx_HAL_Driver/Src/stm32f4xx_ll_usb.o
                0x080063f6                USB_ResetPort
 .text.USB_DriveVbus
                0x0800644a       0x72 ./Drivers/STM32F4xx_HAL_Driver/Src/stm32f4xx_ll_usb.o
                0x0800644a                USB_DriveVbus
 .text.USB_GetHostSpeed
                0x080064bc       0x2e ./Drivers/STM32F4xx_HAL_Driver/Src/stm32f4xx_ll_usb.o
                0x080064bc                USB_GetHostSpeed
 .text.USB_GetCurrentFrame
                0x080064ea       0x22 ./Drivers/STM32F4xx_HAL_Driver/Src/stm32f4xx_ll_usb.o
                0x080064ea                USB_GetCurrentFrame
 .text.USB_HC_Init
                0x0800650c      0x258 ./Drivers/STM32F4xx_HAL_Driver/Src/stm32f4xx_ll_usb.o
                0x0800650c                USB_HC_Init
 .text.USB_HC_StartXfer
                0x08006764      0x4f4 ./Drivers/STM32F4xx_HAL_Driver/Src/stm32f4xx_ll_usb.o
                0x08006764                USB_HC_StartXfer
 .text.USB_HC_ReadInterrupt
                0x08006c58       0x22 ./Drivers/STM32F4xx_HAL_Driver/Src/stm32f4xx_ll_usb.o
                0x08006c58                USB_HC_ReadInterrupt
 .text.USB_HC_Halt
                0x08006c7a      0x240 ./Drivers/STM32F4xx_HAL_Driver/Src/stm32f4xx_ll_usb.o
                0x08006c7a                USB_HC_Halt
 *fill*         0x08006eba        0x2 
 .text.USB_DoPing
                0x08006ebc       0x78 ./Drivers/STM32F4xx_HAL_Driver/Src/stm32f4xx_ll_usb.o
                0x08006ebc                USB_DoPing
 .text.USB_StopHost
                0x08006f34      0x124 ./Drivers/STM32F4xx_HAL_Driver/Src/stm32f4xx_ll_usb.o
                0x08006f34                USB_StopHost
 .text.USBH_CDC_InterfaceInit
                0x08007058      0x2ac ./Middlewares/ST/STM32_USB_Host_Library/Class/CDC/Src/usbh_cdc.o
 .text.USBH_CDC_InterfaceDeInit
                0x08007304       0xb2 ./Middlewares/ST/STM32_USB_Host_Library/Class/CDC/Src/usbh_cdc.o
 .text.USBH_CDC_ClassRequest
                0x080073b6       0x3e ./Middlewares/ST/STM32_USB_Host_Library/Class/CDC/Src/usbh_cdc.o
 .text.USBH_CDC_Process
                0x080073f4      0x12c ./Middlewares/ST/STM32_USB_Host_Library/Class/CDC/Src/usbh_cdc.o
 .text.USBH_CDC_SOFProcess
                0x08007520       0x16 ./Middlewares/ST/STM32_USB_Host_Library/Class/CDC/Src/usbh_cdc.o
 .text.GetLineCoding
                0x08007536       0x3e ./Middlewares/ST/STM32_USB_Host_Library/Class/CDC/Src/usbh_cdc.o
 .text.SetLineCoding
                0x08007574       0x3e ./Middlewares/ST/STM32_USB_Host_Library/Class/CDC/Src/usbh_cdc.o
 .text.CDC_ProcessTransmission
                0x080075b2       0xec ./Middlewares/ST/STM32_USB_Host_Library/Class/CDC/Src/usbh_cdc.o
 .text.CDC_ProcessReception
                0x0800769e       0xb6 ./Middlewares/ST/STM32_USB_Host_Library/Class/CDC/Src/usbh_cdc.o
 .text.USBH_CDC_TransmitCallback
                0x08007754       0x14 ./Middlewares/ST/STM32_USB_Host_Library/Class/CDC/Src/usbh_cdc.o
                0x08007754                USBH_CDC_TransmitCallback
 .text.USBH_CDC_ReceiveCallback
                0x08007768       0x14 ./Middlewares/ST/STM32_USB_Host_Library/Class/CDC/Src/usbh_cdc.o
                0x08007768                USBH_CDC_ReceiveCallback
 .text.USBH_CDC_LineCodingChanged
                0x0800777c       0x14 ./Middlewares/ST/STM32_USB_Host_Library/Class/CDC/Src/usbh_cdc.o
                0x0800777c                USBH_CDC_LineCodingChanged
 .text.USBH_Init
                0x08007790       0x74 ./Middlewares/ST/STM32_USB_Host_Library/Core/Src/usbh_core.o
                0x08007790                USBH_Init
 .text.DeInitStateMachine
                0x08007804       0xe2 ./Middlewares/ST/STM32_USB_Host_Library/Core/Src/usbh_core.o
 .text.USBH_RegisterClass
                0x080078e6       0x54 ./Middlewares/ST/STM32_USB_Host_Library/Core/Src/usbh_core.o
                0x080078e6                USBH_RegisterClass
 .text.USBH_SelectInterface
                0x0800793a       0x38 ./Middlewares/ST/STM32_USB_Host_Library/Core/Src/usbh_core.o
                0x0800793a                USBH_SelectInterface
 .text.USBH_FindInterface
                0x08007972       0x8c ./Middlewares/ST/STM32_USB_Host_Library/Core/Src/usbh_core.o
                0x08007972                USBH_FindInterface
 .text.USBH_Start
                0x080079fe       0x20 ./Middlewares/ST/STM32_USB_Host_Library/Core/Src/usbh_core.o
                0x080079fe                USBH_Start
 *fill*         0x08007a1e        0x2 
 .text.USBH_Process
                0x08007a20      0x3d4 ./Middlewares/ST/STM32_USB_Host_Library/Core/Src/usbh_core.o
                0x08007a20                USBH_Process
 .text.USBH_HandleEnum
                0x08007df4      0x3c0 ./Middlewares/ST/STM32_USB_Host_Library/Core/Src/usbh_core.o
 .text.USBH_LL_SetTimer
                0x080081b4       0x1e ./Middlewares/ST/STM32_USB_Host_Library/Core/Src/usbh_core.o
                0x080081b4                USBH_LL_SetTimer
 .text.USBH_LL_IncTimer
                0x080081d2       0x24 ./Middlewares/ST/STM32_USB_Host_Library/Core/Src/usbh_core.o
                0x080081d2                USBH_LL_IncTimer
 .text.USBH_HandleSof
                0x080081f6       0x30 ./Middlewares/ST/STM32_USB_Host_Library/Core/Src/usbh_core.o
 .text.USBH_LL_PortEnabled
                0x08008226       0x1c ./Middlewares/ST/STM32_USB_Host_Library/Core/Src/usbh_core.o
                0x08008226                USBH_LL_PortEnabled
 .text.USBH_LL_PortDisabled
                0x08008242       0x24 ./Middlewares/ST/STM32_USB_Host_Library/Core/Src/usbh_core.o
                0x08008242                USBH_LL_PortDisabled
 .text.USBH_LL_Connect
                0x08008266       0x2e ./Middlewares/ST/STM32_USB_Host_Library/Core/Src/usbh_core.o
                0x08008266                USBH_LL_Connect
 .text.USBH_LL_Disconnect
                0x08008294       0x48 ./Middlewares/ST/STM32_USB_Host_Library/Core/Src/usbh_core.o
                0x08008294                USBH_LL_Disconnect
 .text.USBH_Get_DevDesc
                0x080082dc       0x58 ./Middlewares/ST/STM32_USB_Host_Library/Core/Src/usbh_ctlreq.o
                0x080082dc                USBH_Get_DevDesc
 .text.USBH_Get_CfgDesc
                0x08008334       0x54 ./Middlewares/ST/STM32_USB_Host_Library/Core/Src/usbh_ctlreq.o
                0x08008334                USBH_Get_CfgDesc
 .text.USBH_Get_StringDesc
                0x08008388       0x68 ./Middlewares/ST/STM32_USB_Host_Library/Core/Src/usbh_ctlreq.o
                0x08008388                USBH_Get_StringDesc
 .text.USBH_GetDescriptor
                0x080083f0       0x6a ./Middlewares/ST/STM32_USB_Host_Library/Core/Src/usbh_ctlreq.o
                0x080083f0                USBH_GetDescriptor
 .text.USBH_SetAddress
                0x0800845a       0x48 ./Middlewares/ST/STM32_USB_Host_Library/Core/Src/usbh_ctlreq.o
                0x0800845a                USBH_SetAddress
 .text.USBH_SetCfg
                0x080084a2       0x46 ./Middlewares/ST/STM32_USB_Host_Library/Core/Src/usbh_ctlreq.o
                0x080084a2                USBH_SetCfg
 .text.USBH_SetFeature
                0x080084e8       0x48 ./Middlewares/ST/STM32_USB_Host_Library/Core/Src/usbh_ctlreq.o
                0x080084e8                USBH_SetFeature
 .text.USBH_ClrFeature
                0x08008530       0x48 ./Middlewares/ST/STM32_USB_Host_Library/Core/Src/usbh_ctlreq.o
                0x08008530                USBH_ClrFeature
 .text.USBH_ParseDevDesc
                0x08008578      0x160 ./Middlewares/ST/STM32_USB_Host_Library/Core/Src/usbh_ctlreq.o
 .text.USBH_ParseCfgDesc
                0x080086d8      0x1f8 ./Middlewares/ST/STM32_USB_Host_Library/Core/Src/usbh_ctlreq.o
 .text.USBH_ParseInterfaceDesc
                0x080088d0       0x5e ./Middlewares/ST/STM32_USB_Host_Library/Core/Src/usbh_ctlreq.o
 .text.USBH_ParseEPDesc
                0x0800892e      0x1d0 ./Middlewares/ST/STM32_USB_Host_Library/Core/Src/usbh_ctlreq.o
 .text.USBH_ParseStringDesc
                0x08008afe       0x66 ./Middlewares/ST/STM32_USB_Host_Library/Core/Src/usbh_ctlreq.o
 .text.USBH_GetNextDesc
                0x08008b64       0x34 ./Middlewares/ST/STM32_USB_Host_Library/Core/Src/usbh_ctlreq.o
                0x08008b64                USBH_GetNextDesc
 .text.USBH_CtlReq
                0x08008b98       0x7a ./Middlewares/ST/STM32_USB_Host_Library/Core/Src/usbh_ctlreq.o
                0x08008b98                USBH_CtlReq
 *fill*         0x08008c12        0x2 
 .text.USBH_HandleControl
                0x08008c14      0x2ec ./Middlewares/ST/STM32_USB_Host_Library/Core/Src/usbh_ctlreq.o
 .text.USBH_CtlSendSetup
                0x08008f00       0x34 ./Middlewares/ST/STM32_USB_Host_Library/Core/Src/usbh_ioreq.o
                0x08008f00                USBH_CtlSendSetup
 .text.USBH_CtlSendData
                0x08008f34       0x4a ./Middlewares/ST/STM32_USB_Host_Library/Core/Src/usbh_ioreq.o
                0x08008f34                USBH_CtlSendData
 .text.USBH_CtlReceiveData
                0x08008f7e       0x3c ./Middlewares/ST/STM32_USB_Host_Library/Core/Src/usbh_ioreq.o
                0x08008f7e                USBH_CtlReceiveData
 .text.USBH_BulkSendData
                0x08008fba       0x4a ./Middlewares/ST/STM32_USB_Host_Library/Core/Src/usbh_ioreq.o
                0x08008fba                USBH_BulkSendData
 .text.USBH_BulkReceiveData
                0x08009004       0x3c ./Middlewares/ST/STM32_USB_Host_Library/Core/Src/usbh_ioreq.o
                0x08009004                USBH_BulkReceiveData
 .text.USBH_OpenPipe
                0x08009040       0x3e ./Middlewares/ST/STM32_USB_Host_Library/Core/Src/usbh_pipes.o
                0x08009040                USBH_OpenPipe
 .text.USBH_ClosePipe
                0x0800907e       0x20 ./Middlewares/ST/STM32_USB_Host_Library/Core/Src/usbh_pipes.o
                0x0800907e                USBH_ClosePipe
 .text.USBH_AllocPipe
                0x0800909e       0x42 ./Middlewares/ST/STM32_USB_Host_Library/Core/Src/usbh_pipes.o
                0x0800909e                USBH_AllocPipe
 .text.USBH_FreePipe
                0x080090e0       0x3c ./Middlewares/ST/STM32_USB_Host_Library/Core/Src/usbh_pipes.o
                0x080090e0                USBH_FreePipe
 .text.USBH_GetFreePipe
                0x0800911c       0x48 ./Middlewares/ST/STM32_USB_Host_Library/Core/Src/usbh_pipes.o
 .text.MX_USB_HOST_Init
                0x08009164       0x4c ./USB_HOST/App/usb_host.o
                0x08009164                MX_USB_HOST_Init
 .text.MX_USB_HOST_Process
                0x080091b0       0x14 ./USB_HOST/App/usb_host.o
                0x080091b0                MX_USB_HOST_Process
 .text.USBH_UserProcess
                0x080091c4       0x5c ./USB_HOST/App/usb_host.o
 .text.HAL_HCD_MspInit
                0x08009220       0xc4 ./USB_HOST/Target/usbh_conf.o
                0x08009220                HAL_HCD_MspInit
 .text.HAL_HCD_SOF_Callback
                0x080092e4       0x1c ./USB_HOST/Target/usbh_conf.o
                0x080092e4                HAL_HCD_SOF_Callback
 .text.HAL_HCD_Connect_Callback
                0x08009300       0x1c ./USB_HOST/Target/usbh_conf.o
                0x08009300                HAL_HCD_Connect_Callback
 .text.HAL_HCD_Disconnect_Callback
                0x0800931c       0x1c ./USB_HOST/Target/usbh_conf.o
                0x0800931c                HAL_HCD_Disconnect_Callback
 .text.HAL_HCD_HC_NotifyURBChange_Callback
                0x08009338       0x1c ./USB_HOST/Target/usbh_conf.o
                0x08009338                HAL_HCD_HC_NotifyURBChange_Callback
 .text.HAL_HCD_PortEnabled_Callback
                0x08009354       0x1c ./USB_HOST/Target/usbh_conf.o
                0x08009354                HAL_HCD_PortEnabled_Callback
 .text.HAL_HCD_PortDisabled_Callback
                0x08009370       0x1c ./USB_HOST/Target/usbh_conf.o
                0x08009370                HAL_HCD_PortDisabled_Callback
 .text.USBH_LL_Init
                0x0800938c       0x78 ./USB_HOST/Target/usbh_conf.o
                0x0800938c                USBH_LL_Init
 .text.USBH_LL_Start
                0x08009404       0x36 ./USB_HOST/Target/usbh_conf.o
                0x08009404                USBH_LL_Start
 .text.USBH_LL_Stop
                0x0800943a       0x36 ./USB_HOST/Target/usbh_conf.o
                0x0800943a                USBH_LL_Stop
 .text.USBH_LL_GetSpeed
                0x08009470       0x4e ./USB_HOST/Target/usbh_conf.o
                0x08009470                USBH_LL_GetSpeed
 .text.USBH_LL_ResetPort
                0x080094be       0x36 ./USB_HOST/Target/usbh_conf.o
                0x080094be                USBH_LL_ResetPort
 .text.USBH_LL_GetLastXferSize
                0x080094f4       0x26 ./USB_HOST/Target/usbh_conf.o
                0x080094f4                USBH_LL_GetLastXferSize
 .text.USBH_LL_OpenPipe
                0x0800951a       0x5e ./USB_HOST/Target/usbh_conf.o
                0x0800951a                USBH_LL_OpenPipe
 .text.USBH_LL_ClosePipe
                0x08009578       0x1a ./USB_HOST/Target/usbh_conf.o
                0x08009578                USBH_LL_ClosePipe
 .text.USBH_LL_SubmitURB
                0x08009592       0x62 ./USB_HOST/Target/usbh_conf.o
                0x08009592                USBH_LL_SubmitURB
 .text.USBH_LL_GetURBState
                0x080095f4       0x26 ./USB_HOST/Target/usbh_conf.o
                0x080095f4                USBH_LL_GetURBState
 .text.USBH_LL_DriverVBUS
                0x0800961a       0x2e ./USB_HOST/Target/usbh_conf.o
                0x0800961a                USBH_LL_DriverVBUS
 .text.USBH_LL_SetToggle
                0x08009648       0x66 ./USB_HOST/Target/usbh_conf.o
                0x08009648                USBH_LL_SetToggle
 .text.USBH_Delay
                0x080096ae       0x16 ./USB_HOST/Target/usbh_conf.o
                0x080096ae                USBH_Delay
 .text.USBH_Get_USB_Status
                0x080096c4       0x58 ./USB_HOST/Target/usbh_conf.o
                0x080096c4                USBH_Get_USB_Status
 .text.MX_DriverVbusFS
                0x0800971c       0x38 ./USB_HOST/Target/usbh_platform.o
                0x0800971c                MX_DriverVbusFS
 .text.malloc   0x08009754       0x10 /home/jstifter/st/stm32cubeide_2.0.0_2/plugins/com.st.stm32cube.ide.mcu.externaltools.gnu-tools-for-stm32.13.3.rel1.linux64_1.0.100.202509120712/tools/bin/../lib/gcc/arm-none-eabi/13.3.1/../../../../arm-none-eabi/lib/thumb/v7e-m+fp/hard/libc_nano.a(libc_a-malloc.o)
                0x08009754                malloc
 .text.free     0x08009764       0x10 /home/jstifter/st/stm32cubeide_2.0.0_2/plugins/com.st.stm32cube.ide.mcu.externaltools.gnu-tools-for-stm32.13.3.rel1.linux64_1.0.100.202509120712/tools/bin/../lib/gcc/arm-none-eabi/13.3.1/../../../../arm-none-eabi/lib/thumb/v7e-m+fp/hard/libc_nano.a(libc_a-malloc.o)
                0x08009764                free
 .text.sbrk_aligned
                0x08009774       0x44 /home/jstifter/st/stm32cubeide_2.0.0_2/plugins/com.st.stm32cube.ide.mcu.externaltools.gnu-tools-for-stm32.13.3.rel1.linux64_1.0.100.202509120712/tools/bin/../lib/gcc/arm-none-eabi/13.3.1/../../../../arm-none-eabi/lib/thumb/v7e-m+fp/hard/libc_nano.a(libc_a-mallocr.o)
 .text._malloc_r
                0x080097b8      0x100 /home/jstifter/st/stm32cubeide_2.0.0_2/plugins/com.st.stm32cube.ide.mcu.externaltools.gnu-tools-for-stm32.13.3.rel1.linux64_1.0.100.202509120712/tools/bin/../lib/gcc/arm-none-eabi/13.3.1/../../../../arm-none-eabi/lib/thumb/v7e-m+fp/hard/libc_nano.a(libc_a-mallocr.o)
                0x080097b8                _malloc_r
 .text.__malloc_lock
                0x080098b8        0xc /home/jstifter/st/stm32cubeide_2.0.0_2/plugins/com.st.stm32cube.ide.mcu.externaltools.gnu-tools-for-stm32.13.3.rel1.linux64_1.0.100.202509120712/tools/bin/../lib/gcc/arm-none-eabi/13.3.1/../../../../arm-none-eabi/lib/thumb/v7e-m+fp/hard/libc_nano.a(libc_a-mlock.o)
                0x080098b8                __malloc_lock
 .text.__malloc_unlock
                0x080098c4        0xc /home/jstifter/st/stm32cubeide_2.0.0_2/plugins/com.st.stm32cube.ide.mcu.externaltools.gnu-tools-for-stm32.13.3.rel1.linux64_1.0.100.202509120712/tools/bin/../lib/gcc/arm-none-eabi/13.3.1/../../../../arm-none-eabi/lib/thumb/v7e-m+fp/hard/libc_nano.a(libc_a-mlock.o)
                0x080098c4                __malloc_unlock
 .text.snprintf
                0x080098d0       0x6c /home/jstifter/st/stm32cubeide_2.0.0_2/plugins/com.st.stm32cube.ide.mcu.externaltools.gnu-tools-for-stm32.13.3.rel1.linux64_1.0.100.202509120712/tools/bin/../lib/gcc/arm-none-eabi/13.3.1/../../../../arm-none-eabi/lib/thumb/v7e-m+fp/hard/libc_nano.a(libc_a-snprintf.o)
                0x080098d0                snprintf
                0x080098d0                sniprintf
 .text.memset   0x0800993c       0x10 /home/jstifter/st/stm32cubeide_2.0.0_2/plugins/com.st.stm32cube.ide.mcu.externaltools.gnu-tools-for-stm32.13.3.rel1.linux64_1.0.100.202509120712/tools/bin/../lib/gcc/arm-none-eabi/13.3.1/../../../../arm-none-eabi/lib/thumb/v7e-m+fp/hard/libc_nano.a(libc_a-memset.o)
                0x0800993c                memset
 .text._sbrk_r  0x0800994c       0x20 /home/jstifter/st/stm32cubeide_2.0.0_2/plugins/com.st.stm32cube.ide.mcu.externaltools.gnu-tools-for-stm32.13.3.rel1.linux64_1.0.100.202509120712/tools/bin/../lib/gcc/arm-none-eabi/13.3.1/../../../../arm-none-eabi/lib/thumb/v7e-m+fp/hard/libc_nano.a(libc_a-sbrkr.o)
                0x0800994c                _sbrk_r
 .text.__errno  0x0800996c        0xc /home/jstifter/st/stm32cubeide_2.0.0_2/plugins/com.st.stm32cube.ide.mcu.externaltools.gnu-tools-for-stm32.13.3.rel1.linux64_1.0.100.202509120712/tools/bin/../lib/gcc/arm-none-eabi/13.3.1/../../../../arm-none-eabi/lib/thumb/v7e-m+fp/hard/libc_nano.a(libc_a-errno.o)
                0x0800996c                __errno
 .text.__libc_init_array
                0x08009978       0x48 /home/jstifter/st/stm32cubeide_2.0.0_2/plugins/com.st.stm32cube.ide.mcu.externaltools.gnu-tools-for-stm32.13.3.rel1.linux64_1.0.100.202509120712/tools/bin/../lib/gcc/arm-none-eabi/13.3.1/../../../../arm-none-eabi/lib/thumb/v7e-m+fp/hard/libc_nano.a(libc_a-init.o)
                0x08009978                __libc_init_array
 .text.__retarget_lock_acquire_recursive
                0x080099c0        0x2 /home/jstifter/st/stm32cubeide_2.0.0_2/plugins/com.st.stm32cube.ide.mcu.externaltools.gnu-tools-for-stm32.13.3.rel1.linux64_1.0.100.202509120712/tools/bin/../lib/gcc/arm-none-eabi/13.3.1/../../../../arm-none-eabi/lib/thumb/v7e-m+fp/hard/libc_nano.a(libc_a-lock.o)
                0x080099c0                __retarget_lock_acquire_recursive
 .text.__retarget_lock_release_recursive
                0x080099c2        0x2 /home/jstifter/st/stm32cubeide_2.0.0_2/plugins/com.st.stm32cube.ide.mcu.externaltools.gnu-tools-for-stm32.13.3.rel1.linux64_1.0.100.202509120712/tools/bin/../lib/gcc/arm-none-eabi/13.3.1/../../../../arm-none-eabi/lib/thumb/v7e-m+fp/hard/libc_nano.a(libc_a-lock.o)
                0x080099c2                __retarget_lock_release_recursive
 .text.memcpy   0x080099c4       0x1c /home/jstifter/st/stm32cubeide_2.0.0_2/plugins/com.st.stm32cube.ide.mcu.externaltools.gnu-tools-for-stm32.13.3.rel1.linux64_1.0.100.202509120712/tools/bin/../lib/gcc/arm-none-eabi/13.3.1/../../../../arm-none-eabi/lib/thumb/v7e-m+fp/hard/libc_nano.a(libc_a-memcpy-stub.o)
                0x080099c4                memcpy
 .text._free_r  0x080099e0       0x94 /home/jstifter/st/stm32cubeide_2.0.0_2/plugins/com.st.stm32cube.ide.mcu.externaltools.gnu-tools-for-stm32.13.3.rel1.linux64_1.0.100.202509120712/tools/bin/../lib/gcc/arm-none-eabi/13.3.1/../../../../arm-none-eabi/lib/thumb/v7e-m+fp/hard/libc_nano.a(libc_a-freer.o)
                0x080099e0                _free_r
 .text.__ssputs_r
                0x08009a74       0xb6 /home/jstifter/st/stm32cubeide_2.0.0_2/plugins/com.st.stm32cube.ide.mcu.externaltools.gnu-tools-for-stm32.13.3.rel1.linux64_1.0.100.202509120712/tools/bin/../lib/gcc/arm-none-eabi/13.3.1/../../../../arm-none-eabi/lib/thumb/v7e-m+fp/hard/libc_nano.a(libc_a-nano-svfprintf.o)
                0x08009a74                __ssputs_r
 *fill*         0x08009b2a        0x2 
 .text._svfprintf_r
                0x08009b2c      0x1f8 /home/jstifter/st/stm32cubeide_2.0.0_2/plugins/com.st.stm32cube.ide.mcu.externaltools.gnu-tools-for-stm32.13.3.rel1.linux64_1.0.100.202509120712/tools/bin/../lib/gcc/arm-none-eabi/13.3.1/../../../../arm-none-eabi/lib/thumb/v7e-m+fp/hard/libc_nano.a(libc_a-nano-svfprintf.o)
                0x08009b2c                _svfprintf_r
                0x08009b2c                _svfiprintf_r
 .text._printf_common
                0x08009d24       0xda /home/jstifter/st/stm32cubeide_2.0.0_2/plugins/com.st.stm32cube.ide.mcu.externaltools.gnu-tools-for-stm32.13.3.rel1.linux64_1.0.100.202509120712/tools/bin/../lib/gcc/arm-none-eabi/13.3.1/../../../../arm-none-eabi/lib/thumb/v7e-m+fp/hard/libc_nano.a(libc_a-nano-vfprintf_i.o)
                0x08009d24                _printf_common
 *fill*         0x08009dfe        0x2 
 .text._printf_i
                0x08009e00      0x23c /home/jstifter/st/stm32cubeide_2.0.0_2/plugins/com.st.stm32cube.ide.mcu.externaltools.gnu-tools-for-stm32.13.3.rel1.linux64_1.0.100.202509120712/tools/bin/../lib/gcc/arm-none-eabi/13.3.1/../../../../arm-none-eabi/lib/thumb/v7e-m+fp/hard/libc_nano.a(libc_a-nano-vfprintf_i.o)
                0x08009e00                _printf_i
 .text.memmove  0x0800a03c       0x34 /home/jstifter/st/stm32cubeide_2.0.0_2/plugins/com.st.stm32cube.ide.mcu.externaltools.gnu-tools-for-stm32.13.3.rel1.linux64_1.0.100.202509120712/tools/bin/../lib/gcc/arm-none-eabi/13.3.1/../../../../arm-none-eabi/lib/thumb/v7e-m+fp/hard/libc_nano.a(libc_a-memmove.o)
                0x0800a03c                memmove
 .text._realloc_r
                0x0800a070       0x5c /home/jstifter/st/stm32cubeide_2.0.0_2/plugins/com.st.stm32cube.ide.mcu.externaltools.gnu-tools-for-stm32.13.3.rel1.linux64_1.0.100.202509120712/tools/bin/../lib/gcc/arm-none-eabi/13.3.1/../../../../arm-none-eabi/lib/thumb/v7e-m+fp/hard/libc_nano.a(libc_a-reallocr.o)
                0x0800a070                _realloc_r
 .text._malloc_usable_size_r
                0x0800a0cc       0x10 /home/jstifter/st/stm32cubeide_2.0.0_2/plugins/com.st.stm32cube.ide.mcu.externaltools.gnu-tools-for-stm32.13.3.rel1.linux64_1.0.100.202509120712/tools/bin/../lib/gcc/arm-none-eabi/13.3.1/../../../../arm-none-eabi/lib/thumb/v7e-m+fp/hard/libc_nano.a(libc_a-msizer.o)
                0x0800a0cc                _malloc_usable_size_r
 *(.glue_7)
 .glue_7        0x0800a0dc        0x0 linker stubs
 *(.glue_7t)
 .glue_7t       0x0800a0dc        0x0 linker stubs
 *(.eh_frame)
 .eh_frame      0x0800a0dc        0x0 /home/jstifter/st/stm32cubeide_2.0.0_2/plugins/com.st.stm32cube.ide.mcu.externaltools.gnu-tools-for-stm32.13.3.rel1.linux64_1.0.100.202509120712/tools/bin/../lib/gcc/arm-none-eabi/13.3.1/thumb/v7e-m+fp/hard/crtbegin.o
 *(.init)
 .init          0x0800a0dc        0x4 /home/jstifter/st/stm32cubeide_2.0.0_2/plugins/com.st.stm32cube.ide.mcu.externaltools.gnu-tools-for-stm32.13.3.rel1.linux64_1.0.100.202509120712/tools/bin/../lib/gcc/arm-none-eabi/13.3.1/thumb/v7e-m+fp/hard/crti.o
                0x0800a0dc                _init
 .init          0x0800a0e0        0x8 /home/jstifter/st/stm32cubeide_2.0.0_2/plugins/com.st.stm32cube.ide.mcu.externaltools.gnu-tools-for-stm32.13.3.rel1.linux64_1.0.100.202509120712/tools/bin/../lib/gcc/arm-none-eabi/13.3.1/thumb/v7e-m+fp/hard/crtn.o
 *(.fini)
 .fini          0x0800a0e8        0x4 /home/jstifter/st/stm32cubeide_2.0.0_2/plugins/com.st.stm32cube.ide.mcu.externaltools.gnu-tools-for-stm32.13.3.rel1.linux64_1.0.100.202509120712/tools/bin/../lib/gcc/arm-none-eabi/13.3.1/thumb/v7e-m+fp/hard/crti.o
                0x0800a0e8                _fini
 .fini          0x0800a0ec        0x8 /home/jstifter/st/stm32cubeide_2.0.0_2/plugins/com.st.stm32cube.ide.mcu.externaltools.gnu-tools-for-stm32.13.3.rel1.linux64_1.0.100.202509120712/tools/bin/../lib/gcc/arm-none-eabi/13.3.1/thumb/v7e-m+fp/hard/crtn.o
                0x0800a0f4                        . = ALIGN (0x4)
                0x0800a0f4                        _etext = .

.vfp11_veneer   0x0800a0f4        0x0
 .vfp11_veneer  0x0800a0f4        0x0 linker stubs

.v4_bx          0x0800a0f4        0x0
 .v4_bx         0x0800a0f4        0x0 linker stubs

.iplt           0x0800a0f4        0x0
 .iplt          0x0800a0f4        0x0 /home/jstifter/st/stm32cubeide_2.0.0_2/plugins/com.st.stm32cube.ide.mcu.externaltools.gnu-tools-for-stm32.13.3.rel1.linux64_1.0.100.202509120712/tools/bin/../lib/gcc/arm-none-eabi/13.3.1/thumb/v7e-m+fp/hard/crtbegin.o

.rodata         0x0800a0f4      0x19c
                0x0800a0f4                        . = ALIGN (0x4)
 *(.rodata)
 .rodata        0x0800a0f4        0x9 ./Core/Src/main.o
 *fill*         0x0800a0fd        0x3 
 .rodata        0x0800a100        0x4 ./Middlewares/ST/STM32_USB_Host_Library/Class/CDC/Src/usbh_cdc.o
 *(.rodata*)
 .rodata.FONT   0x0800a104      0x140 ./Core/Src/main.o
                0x0800a104                FONT
 .rodata.AHBPrescTable
                0x0800a244       0x10 ./Core/Src/system_stm32f4xx.o
                0x0800a244                AHBPrescTable
 .rodata.APBPrescTable
                0x0800a254        0x8 ./Core/Src/system_stm32f4xx.o
                0x0800a254                APBPrescTable
 .rodata._svfprintf_r.str1.1
                0x0800a25c       0x33 /home/jstifter/st/stm32cubeide_2.0.0_2/plugins/com.st.stm32cube.ide.mcu.externaltools.gnu-tools-for-stm32.13.3.rel1.linux64_1.0.100.202509120712/tools/bin/../lib/gcc/arm-none-eabi/13.3.1/../../../../arm-none-eabi/lib/thumb/v7e-m+fp/hard/libc_nano.a(libc_a-nano-svfprintf.o)
                                 0x11 (size before relaxing)
 .rodata._printf_i.str1.1
                0x0800a28f        0x0 /home/jstifter/st/stm32cubeide_2.0.0_2/plugins/com.st.stm32cube.ide.mcu.externaltools.gnu-tools-for-stm32.13.3.rel1.linux64_1.0.100.202509120712/tools/bin/../lib/gcc/arm-none-eabi/13.3.1/../../../../arm-none-eabi/lib/thumb/v7e-m+fp/hard/libc_nano.a(libc_a-nano-vfprintf_i.o)
                                 0x22 (size before relaxing)
                0x0800a290                        . = ALIGN (0x4)
 *fill*         0x0800a28f        0x1 

.ARM.extab      0x0800a290        0x0
                0x0800a290                        . = ALIGN (0x4)
 *(.ARM.extab* .gnu.linkonce.armextab.*)
                0x0800a290                        . = ALIGN (0x4)

.ARM            0x0800a290        0x8
                0x0800a290                        . = ALIGN (0x4)
                0x0800a290                        __exidx_start = .
 *(.ARM.exidx*)
 .ARM.exidx     0x0800a290        0x8 /home/jstifter/st/stm32cubeide_2.0.0_2/plugins/com.st.stm32cube.ide.mcu.externaltools.gnu-tools-for-stm32.13.3.rel1.linux64_1.0.100.202509120712/tools/bin/../lib/gcc/arm-none-eabi/13.3.1/../../../../arm-none-eabi/lib/thumb/v7e-m+fp/hard/libc_nano.a(libc_a-memchr.o)
 .ARM.exidx     0x0800a298        0x0 /home/jstifter/st/stm32cubeide_2.0.0_2/plugins/com.st.stm32cube.ide.mcu.externaltools.gnu-tools-for-stm32.13.3.rel1.linux64_1.0.100.202509120712/tools/bin/../lib/gcc/arm-none-eabi/13.3.1/thumb/v7e-m+fp/hard/libgcc.a(_udivmoddi4.o)
                                  0x8 (size before relaxing)
                0x0800a298                        __exidx_end = .
                0x0800a298                        . = ALIGN (0x4)

.preinit_array  0x0800a298        0x0
                0x0800a298                        . = ALIGN (0x4)
                0x0800a298                        PROVIDE (__preinit_array_start = .)
 *(.preinit_array*)
                0x0800a298                        PROVIDE (__preinit_array_end = .)
                0x0800a298                        . = ALIGN (0x4)

.init_array     0x0800a298        0x4
                0x0800a298                        . = ALIGN (0x4)
                0x0800a298                        PROVIDE (__init_array_start = .)
 *(SORT_BY_NAME(.init_array.*))
 *(.init_array*)
 .init_array    0x0800a298        0x4 /home/jstifter/st/stm32cubeide_2.0.0_2/plugins/com.st.stm32cube.ide.mcu.externaltools.gnu-tools-for-stm32.13.3.rel1.linux64_1.0.100.202509120712/tools/bin/../lib/gcc/arm-none-eabi/13.3.1/thumb/v7e-m+fp/hard/crtbegin.o
                0x0800a29c                        PROVIDE (__init_array_end = .)
                0x0800a29c                        . = ALIGN (0x4)

.fini_array     0x0800a29c        0x4
                0x0800a29c                        . = ALIGN (0x4)
                [!provide]                        PROVIDE (__fini_array_start = .)
 *(SORT_BY_NAME(.fini_array.*))
 *(.fini_array*)
 .fini_array    0x0800a29c        0x4 /home/jstifter/st/stm32cubeide_2.0.0_2/plugins/com.st.stm32cube.ide.mcu.externaltools.gnu-tools-for-stm32.13.3.rel1.linux64_1.0.100.202509120712/tools/bin/../lib/gcc/arm-none-eabi/13.3.1/thumb/v7e-m+fp/hard/crtbegin.o
                [!provide]                        PROVIDE (__fini_array_end = .)
                0x0800a2a0                        . = ALIGN (0x4)
                0x0800a2a0                        _sidata = LOADADDR (.data)

.rel.dyn        0x0800a2a0        0x0
 .rel.iplt      0x0800a2a0        0x0 /home/jstifter/st/stm32cubeide_2.0.0_2/plugins/com.st.stm32cube.ide.mcu.externaltools.gnu-tools-for-stm32.13.3.rel1.linux64_1.0.100.202509120712/tools/bin/../lib/gcc/arm-none-eabi/13.3.1/thumb/v7e-m+fp/hard/crtbegin.o

.data           0x20000000       0x80 load address 0x0800a2a0
                0x20000000                        . = ALIGN (0x4)
                0x20000000                        _sdata = .
 *(.data)
 *(.data*)
 .data.sharp_vcom_bit
                0x20000000        0x1 ./Core/Src/main.o
 *fill*         0x20000001        0x3 
 .data.SystemCoreClock
                0x20000004        0x4 ./Core/Src/system_stm32f4xx.o
                0x20000004                SystemCoreClock
 .data.uwTickPrio
                0x20000008        0x4 ./Drivers/STM32F4xx_HAL_Driver/Src/stm32f4xx_hal.o
                0x20000008                uwTickPrio
 .data.uwTickFreq
                0x2000000c        0x1 ./Drivers/STM32F4xx_HAL_Driver/Src/stm32f4xx_hal.o
                0x2000000c                uwTickFreq
 *fill*         0x2000000d        0x3 
 .data.CDC_Class
                0x20000010       0x20 ./Middlewares/ST/STM32_USB_Host_Library/Class/CDC/Src/usbh_cdc.o
                0x20000010                CDC_Class
 .data._impure_ptr
                0x20000030        0x4 /home/jstifter/st/stm32cubeide_2.0.0_2/plugins/com.st.stm32cube.ide.mcu.externaltools.gnu-tools-for-stm32.13.3.rel1.linux64_1.0.100.202509120712/tools/bin/../lib/gcc/arm-none-eabi/13.3.1/../../../../arm-none-eabi/lib/thumb/v7e-m+fp/hard/libc_nano.a(libc_a-impure.o)
                0x20000030                _impure_ptr
 .data._impure_data
                0x20000034       0x4c /home/jstifter/st/stm32cubeide_2.0.0_2/plugins/com.st.stm32cube.ide.mcu.externaltools.gnu-tools-for-stm32.13.3.rel1.linux64_1.0.100.202509120712/tools/bin/../lib/gcc/arm-none-eabi/13.3.1/../../../../arm-none-eabi/lib/thumb/v7e-m+fp/hard/libc_nano.a(libc_a-impure.o)
                0x20000034                _impure_data
 *(.RamFunc)
 *(.RamFunc*)
                0x20000080                        . = ALIGN (0x4)
                0x20000080                        _edata = .
                0x0800a320                        _siccmram = LOADADDR (.ccmram)

.igot.plt       0x20000080        0x0 load address 0x0800a320
 .igot.plt      0x20000080        0x0 /home/jstifter/st/stm32cubeide_2.0.0_2/plugins/com.st.stm32cube.ide.mcu.externaltools.gnu-tools-for-stm32.13.3.rel1.linux64_1.0.100.202509120712/tools/bin/../lib/gcc/arm-none-eabi/13.3.1/thumb/v7e-m+fp/hard/crtbegin.o

.ccmram         0x10000000        0x0 load address 0x0800a320
                0x10000000                        . = ALIGN (0x4)
                0x10000000                        _sccmram = .
 *(.ccmram)
 *(.ccmram*)
                0x10000000                        . = ALIGN (0x4)
                0x10000000                        _eccmram = .
                0x10000000                        . = ALIGN (0x4)

.bss            0x20000080     0x391c
                0x20000080                        _sbss = .
                0x20000080                        __bss_start__ = _sbss
 *(.bss)
 .bss           0x20000080       0x1c /home/jstifter/st/stm32cubeide_2.0.0_2/plugins/com.st.stm32cube.ide.mcu.externaltools.gnu-tools-for-stm32.13.3.rel1.linux64_1.0.100.202509120712/tools/bin/../lib/gcc/arm-none-eabi/13.3.1/thumb/v7e-m+fp/hard/crtbegin.o
 *(.bss*)
 .bss.hi2c1     0x2000009c       0x54 ./Core/Src/main.o
                0x2000009c                hi2c1
 .bss.hi2s3     0x200000f0       0x48 ./Core/Src/main.o
                0x200000f0                hi2s3
 .bss.hspi2     0x20000138       0x58 ./Core/Src/main.o
                0x20000138                hspi2
 .bss.sharp_buffer
                0x20000190     0x2ee0 ./Core/Src/main.o
 .bss.changed_lines
                0x20003070       0x1e ./Core/Src/main.o
 *fill*         0x2000308e        0x2 
 .bss.__sbrk_heap_end
                0x20003090        0x4 ./Core/Src/sysmem.o
 .bss.uwTick    0x20003094        0x4 ./Drivers/STM32F4xx_HAL_Driver/Src/stm32f4xx_hal.o
                0x20003094                uwTick
 .bss.hUsbHostFS
                0x20003098      0x3d8 ./USB_HOST/App/usb_host.o
                0x20003098                hUsbHostFS
 .bss.Appli_state
                0x20003470        0x1 ./USB_HOST/App/usb_host.o
                0x20003470                Appli_state
 *fill*         0x20003471        0x3 
 .bss.hhcd_USB_OTG_FS
                0x20003474      0x3e0 ./USB_HOST/Target/usbh_conf.o
                0x20003474                hhcd_USB_OTG_FS
 .bss.__malloc_sbrk_start
                0x20003854        0x4 /home/jstifter/st/stm32cubeide_2.0.0_2/plugins/com.st.stm32cube.ide.mcu.externaltools.gnu-tools-for-stm32.13.3.rel1.linux64_1.0.100.202509120712/tools/bin/../lib/gcc/arm-none-eabi/13.3.1/../../../../arm-none-eabi/lib/thumb/v7e-m+fp/hard/libc_nano.a(libc_a-mallocr.o)
                0x20003854                __malloc_sbrk_start
 .bss.__malloc_free_list
                0x20003858        0x4 /home/jstifter/st/stm32cubeide_2.0.0_2/plugins/com.st.stm32cube.ide.mcu.externaltools.gnu-tools-for-stm32.13.3.rel1.linux64_1.0.100.202509120712/tools/bin/../lib/gcc/arm-none-eabi/13.3.1/../../../../arm-none-eabi/lib/thumb/v7e-m+fp/hard/libc_nano.a(libc_a-mallocr.o)
                0x20003858                __malloc_free_list
 .bss.__sf      0x2000385c      0x138 /home/jstifter/st/stm32cubeide_2.0.0_2/plugins/com.st.stm32cube.ide.mcu.externaltools.gnu-tools-for-stm32.13.3.rel1.linux64_1.0.100.202509120712/tools/bin/../lib/gcc/arm-none-eabi/13.3.1/../../../../arm-none-eabi/lib/thumb/v7e-m+fp/hard/libc_nano.a(libc_a-findfp.o)
                0x2000385c                __sf
 .bss.errno     0x20003994        0x4 /home/jstifter/st/stm32cubeide_2.0.0_2/plugins/com.st.stm32cube.ide.mcu.externaltools.gnu-tools-for-stm32.13.3.rel1.linux64_1.0.100.202509120712/tools/bin/../lib/gcc/arm-none-eabi/13.3.1/../../../../arm-none-eabi/lib/thumb/v7e-m+fp/hard/libc_nano.a(libc_a-reent.o)
                0x20003994                errno
 .bss.__lock___malloc_recursive_mutex
                0x20003998        0x1 /home/jstifter/st/stm32cubeide_2.0.0_2/plugins/com.st.stm32cube.ide.mcu.externaltools.gnu-tools-for-stm32.13.3.rel1.linux64_1.0.100.202509120712/tools/bin/../lib/gcc/arm-none-eabi/13.3.1/../../../../arm-none-eabi/lib/thumb/v7e-m+fp/hard/libc_nano.a(libc_a-lock.o)
                0x20003998                __lock___malloc_recursive_mutex
 *(COMMON)
                0x2000399c                        . = ALIGN (0x4)
 *fill*         0x20003999        0x3 
                0x2000399c                        _ebss = .
                0x2000399c                        __bss_end__ = _ebss

._user_heap_stack
                0x2000399c      0x604
                0x200039a0                        . = ALIGN (0x8)
 *fill*         0x2000399c        0x4 
                [!provide]                        PROVIDE (end = .)
                0x200039a0                        PROVIDE (_end = .)
                0x20003ba0                        . = (. + _Min_Heap_Size)
 *fill*         0x200039a0      0x200 
                0x20003fa0                        . = (. + _Min_Stack_Size)
 *fill*         0x20003ba0      0x400 
                0x20003fa0                        . = ALIGN (0x8)

/DISCARD/
 libc.a(*)
 libm.a(*)
 libgcc.a(*)

.ARM.attributes
                0x00000000       0x30
 *(.ARM.attributes)
 .ARM.attributes
                0x00000000       0x22 /home/jstifter/st/stm32cubeide_2.0.0_2/plugins/com.st.stm32cube.ide.mcu.externaltools.gnu-tools-for-stm32.13.3.rel1.linux64_1.0.100.202509120712/tools/bin/../lib/gcc/arm-none-eabi/13.3.1/thumb/v7e-m+fp/hard/crti.o
 .ARM.attributes
                0x00000022       0x34 /home/jstifter/st/stm32cubeide_2.0.0_2/plugins/com.st.stm32cube.ide.mcu.externaltools.gnu-tools-for-stm32.13.3.rel1.linux64_1.0.100.202509120712/tools/bin/../lib/gcc/arm-none-eabi/13.3.1/thumb/v7e-m+fp/hard/crtbegin.o
 .ARM.attributes
                0x00000056       0x34 ./Core/Src/main.o
 .ARM.attributes
                0x0000008a       0x34 ./Core/Src/stm32f4xx_hal_msp.o
 .ARM.attributes
                0x000000be       0x34 ./Core/Src/stm32f4xx_it.o
 .ARM.attributes
                0x000000f2       0x34 ./Core/Src/sysmem.o
 .ARM.attributes
                0x00000126       0x34 ./Core/Src/system_stm32f4xx.o
 .ARM.attributes
                0x0000015a       0x21 ./Core/Startup/startup_stm32f407vgtx.o
 .ARM.attributes
                0x0000017b       0x34 ./Drivers/STM32F4xx_HAL_Driver/Src/stm32f4xx_hal.o
 .ARM.attributes
                0x000001af       0x34 ./Drivers/STM32F4xx_HAL_Driver/Src/stm32f4xx_hal_cortex.o
 .ARM.attributes
                0x000001e3       0x34 ./Drivers/STM32F4xx_HAL_Driver/Src/stm32f4xx_hal_gpio.o
 .ARM.attributes
                0x00000217       0x34 ./Drivers/STM32F4xx_HAL_Driver/Src/stm32f4xx_hal_hcd.o
 .ARM.attributes
                0x0000024b       0x34 ./Drivers/STM32F4xx_HAL_Driver/Src/stm32f4xx_hal_i2c.o
 .ARM.attributes
                0x0000027f       0x34 ./Drivers/STM32F4xx_HAL_Driver/Src/stm32f4xx_hal_i2s.o
 .ARM.attributes
                0x000002b3       0x34 ./Drivers/STM32F4xx_HAL_Driver/Src/stm32f4xx_hal_i2s_ex.o
 .ARM.attributes
                0x000002e7       0x34 ./Drivers/STM32F4xx_HAL_Driver/Src/stm32f4xx_hal_rcc.o
 .ARM.attributes
                0x0000031b       0x34 ./Drivers/STM32F4xx_HAL_Driver/Src/stm32f4xx_hal_rcc_ex.o
 .ARM.attributes
                0x0000034f       0x34 ./Drivers/STM32F4xx_HAL_Driver/Src/stm32f4xx_hal_spi.o
 .ARM.attributes
                0x00000383       0x34 ./Drivers/STM32F4xx_HAL_Driver/Src/stm32f4xx_ll_usb.o
 .ARM.attributes
                0x000003b7       0x34 ./Middlewares/ST/STM32_USB_Host_Library/Class/CDC/Src/usbh_cdc.o
 .ARM.attributes
                0x000003eb       0x34 ./Middlewares/ST/STM32_USB_Host_Library/Core/Src/usbh_core.o
 .ARM.attributes
                0x0000041f       0x34 ./Middlewares/ST/STM32_USB_Host_Library/Core/Src/usbh_ctlreq.o
 .ARM.attributes
                0x00000453       0x34 ./Middlewares/ST/STM32_USB_Host_Library/Core/Src/usbh_ioreq.o
 .ARM.attributes
                0x00000487       0x34 ./Middlewares/ST/STM32_USB_Host_Library/Core/Src/usbh_pipes.o
 .ARM.attributes
                0x000004bb       0x34 ./USB_HOST/App/usb_host.o
 .ARM.attributes
                0x000004ef       0x34 ./USB_HOST/Target/usbh_conf.o
 .ARM.attributes
                0x00000523       0x34 ./USB_HOST/Target/usbh_platform.o
 .ARM.attributes
                0x00000557       0x34 /home/jstifter/st/stm32cubeide_2.0.0_2/plugins/com.st.stm32cube.ide.mcu.externaltools.gnu-tools-for-stm32.13.3.rel1.linux64_1.0.100.202509120712/tools/bin/../lib/gcc/arm-none-eabi/13.3.1/../../../../arm-none-eabi/lib/thumb/v7e-m+fp/hard/libc_nano.a(libc_a-malloc.o)
 .ARM.attributes
                0x0000058b       0x34 /home/jstifter/st/stm32cubeide_2.0.0_2/plugins/com.st.stm32cube.ide.mcu.externaltools.gnu-tools-for-stm32.13.3.rel1.linux64_1.0.100.202509120712/tools/bin/../lib/gcc/arm-none-eabi/13.3.1/../../../../arm-none-eabi/lib/thumb/v7e-m+fp/hard/libc_nano.a(libc_a-mallocr.o)
 .ARM.attributes
                0x000005bf       0x34 /home/jstifter/st/stm32cubeide_2.0.0_2/plugins/com.st.stm32cube.ide.mcu.externaltools.gnu-tools-for-stm32.13.3.rel1.linux64_1.0.100.202509120712/tools/bin/../lib/gcc/arm-none-eabi/13.3.1/../../../../arm-none-eabi/lib/thumb/v7e-m+fp/hard/libc_nano.a(libc_a-mlock.o)
 .ARM.attributes
                0x000005f3       0x34 /home/jstifter/st/stm32cubeide_2.0.0_2/plugins/com.st.stm32cube.ide.mcu.externaltools.gnu-tools-for-stm32.13.3.rel1.linux64_1.0.100.202509120712/tools/bin/../lib/gcc/arm-none-eabi/13.3.1/../../../../arm-none-eabi/lib/thumb/v7e-m+fp/hard/libc_nano.a(libc_a-findfp.o)
 .ARM.attributes
                0x00000627       0x34 /home/jstifter/st/stm32cubeide_2.0.0_2/plugins/com.st.stm32cube.ide.mcu.externaltools.gnu-tools-for-stm32.13.3.rel1.linux64_1.0.100.202509120712/tools/bin/../lib/gcc/arm-none-eabi/13.3.1/../../../../arm-none-eabi/lib/thumb/v7e-m+fp/hard/libc_nano.a(libc_a-snprintf.o)
 .ARM.attributes
                0x0000065b       0x34 /home/jstifter/st/stm32cubeide_2.0.0_2/plugins/com.st.stm32cube.ide.mcu.externaltools.gnu-tools-for-stm32.13.3.rel1.linux64_1.0.100.202509120712/tools/bin/../lib/gcc/arm-none-eabi/13.3.1/../../../../arm-none-eabi/lib/thumb/v7e-m+fp/hard/libc_nano.a(libc_a-memset.o)
 .ARM.attributes
                0x0000068f       0x34 /home/jstifter/st/stm32cubeide_2.0.0_2/plugins/com.st.stm32cube.ide.mcu.externaltools.gnu-tools-for-stm32.13.3.rel1.linux64_1.0.100.202509120712/tools/bin/../lib/gcc/arm-none-eabi/13.3.1/../../../../arm-none-eabi/lib/thumb/v7e-m+fp/hard/libc_nano.a(libc_a-reent.o)
 .ARM.attributes
                0x000006c3       0x34 /home/jstifter/st/stm32cubeide_2.0.0_2/plugins/com.st.stm32cube.ide.mcu.externaltools.gnu-tools-for-stm32.13.3.rel1.linux64_1.0.100.202509120712/tools/bin/../lib/gcc/arm-none-eabi/13.3.1/../../../../arm-none-eabi/lib/thumb/v7e-m+fp/hard/libc_nano.a(libc_a-impure.o)
 .ARM.attributes
                0x000006f7       0x34 /home/jstifter/st/stm32cubeide_2.0.0_2/plugins/com.st.stm32cube.ide.mcu.externaltools.gnu-tools-for-stm32.13.3.rel1.linux64_1.0.100.202509120712/tools/bin/../lib/gcc/arm-none-eabi/13.3.1/../../../../arm-none-eabi/lib/thumb/v7e-m+fp/hard/libc_nano.a(libc_a-sbrkr.o)
 .ARM.attributes
                0x0000072b       0x34 /home/jstifter/st/stm32cubeide_2.0.0_2/plugins/com.st.stm32cube.ide.mcu.externaltools.gnu-tools-for-stm32.13.3.rel1.linux64_1.0.100.202509120712/tools/bin/../lib/gcc/arm-none-eabi/13.3.1/../../../../arm-none-eabi/lib/thumb/v7e-m+fp/hard/libc_nano.a(libc_a-errno.o)
 .ARM.attributes
                0x0000075f       0x34 /home/jstifter/st/stm32cubeide_2.0.0_2/plugins/com.st.stm32cube.ide.mcu.externaltools.gnu-tools-for-stm32.13.3.rel1.linux64_1.0.100.202509120712/tools/bin/../lib/gcc/arm-none-eabi/13.3.1/../../../../arm-none-eabi/lib/thumb/v7e-m+fp/hard/libc_nano.a(libc_a-init.o)
 .ARM.attributes
                0x00000793       0x34 /home/jstifter/st/stm32cubeide_2.0.0_2/plugins/com.st.stm32cube.ide.mcu.externaltools.gnu-tools-for-stm32.13.3.rel1.linux64_1.0.100.202509120712/tools/bin/../lib/gcc/arm-none-eabi/13.3.1/../../../../arm-none-eabi/lib/thumb/v7e-m+fp/hard/libc_nano.a(libc_a-lock.o)
 .ARM.attributes
                0x000007c7       0x34 /home/jstifter/st/stm32cubeide_2.0.0_2/plugins/com.st.stm32cube.ide.mcu.externaltools.gnu-tools-for-stm32.13.3.rel1.linux64_1.0.100.202509120712/tools/bin/../lib/gcc/arm-none-eabi/13.3.1/../../../../arm-none-eabi/lib/thumb/v7e-m+fp/hard/libc_nano.a(libc_a-memcpy-stub.o)
 .ARM.attributes
                0x000007fb       0x34 /home/jstifter/st/stm32cubeide_2.0.0_2/plugins/com.st.stm32cube.ide.mcu.externaltools.gnu-tools-for-stm32.13.3.rel1.linux64_1.0.100.202509120712/tools/bin/../lib/gcc/arm-none-eabi/13.3.1/../../../../arm-none-eabi/lib/thumb/v7e-m+fp/hard/libc_nano.a(libc_a-freer.o)
 .ARM.attributes
                0x0000082f       0x34 /home/jstifter/st/stm32cubeide_2.0.0_2/plugins/com.st.stm32cube.ide.mcu.externaltools.gnu-tools-for-stm32.13.3.rel1.linux64_1.0.100.202509120712/tools/bin/../lib/gcc/arm-none-eabi/13.3.1/../../../../arm-none-eabi/lib/thumb/v7e-m+fp/hard/libc_nano.a(libc_a-nano-svfprintf.o)
 .ARM.attributes
                0x00000863       0x34 /home/jstifter/st/stm32cubeide_2.0.0_2/plugins/com.st.stm32cube.ide.mcu.externaltools.gnu-tools-for-stm32.13.3.rel1.linux64_1.0.100.202509120712/tools/bin/../lib/gcc/arm-none-eabi/13.3.1/../../../../arm-none-eabi/lib/thumb/v7e-m+fp/hard/libc_nano.a(libc_a-nano-vfprintf_i.o)
 .ARM.attributes
                0x00000897       0x34 /home/jstifter/st/stm32cubeide_2.0.0_2/plugins/com.st.stm32cube.ide.mcu.externaltools.gnu-tools-for-stm32.13.3.rel1.linux64_1.0.100.202509120712/tools/bin/../lib/gcc/arm-none-eabi/13.3.1/../../../../arm-none-eabi/lib/thumb/v7e-m+fp/hard/libc_nano.a(libc_a-memmove.o)
 .ARM.attributes
                0x000008cb       0x1c /home/jstifter/st/stm32cubeide_2.0.0_2/plugins/com.st.stm32cube.ide.mcu.externaltools.gnu-tools-for-stm32.13.3.rel1.linux64_1.0.100.202509120712/tools/bin/../lib/gcc/arm-none-eabi/13.3.1/../../../../arm-none-eabi/lib/thumb/v7e-m+fp/hard/libc_nano.a(libc_a-memchr.o)
 .ARM.attributes
                0x000008e7       0x34 /home/jstifter/st/stm32cubeide_2.0.0_2/plugins/com.st.stm32cube.ide.mcu.externaltools.gnu-tools-for-stm32.13.3.rel1.linux64_1.0.100.202509120712/tools/bin/../lib/gcc/arm-none-eabi/13.3.1/../../../../arm-none-eabi/lib/thumb/v7e-m+fp/hard/libc_nano.a(libc_a-reallocr.o)
 .ARM.attributes
                0x0000091b       0x34 /home/jstifter/st/stm32cubeide_2.0.0_2/plugins/com.st.stm32cube.ide.mcu.externaltools.gnu-tools-for-stm32.13.3.rel1.linux64_1.0.100.202509120712/tools/bin/../lib/gcc/arm-none-eabi/13.3.1/../../../../arm-none-eabi/lib/thumb/v7e-m+fp/hard/libc_nano.a(libc_a-msizer.o)
 .ARM.attributes
                0x0000094f       0x22 /home/jstifter/st/stm32cubeide_2.0.0_2/plugins/com.st.stm32cube.ide.mcu.externaltools.gnu-tools-for-stm32.13.3.rel1.linux64_1.0.100.202509120712/tools/bin/../lib/gcc/arm-none-eabi/13.3.1/thumb/v7e-m+fp/hard/libgcc.a(_aeabi_uldivmod.o)
 .ARM.attributes
                0x00000971       0x34 /home/jstifter/st/stm32cubeide_2.0.0_2/plugins/com.st.stm32cube.ide.mcu.externaltools.gnu-tools-for-stm32.13.3.rel1.linux64_1.0.100.202509120712/tools/bin/../lib/gcc/arm-none-eabi/13.3.1/thumb/v7e-m+fp/hard/libgcc.a(_udivmoddi4.o)
 .ARM.attributes
                0x000009a5       0x22 /home/jstifter/st/stm32cubeide_2.0.0_2/plugins/com.st.stm32cube.ide.mcu.externaltools.gnu-tools-for-stm32.13.3.rel1.linux64_1.0.100.202509120712/tools/bin/../lib/gcc/arm-none-eabi/13.3.1/thumb/v7e-m+fp/hard/libgcc.a(_dvmd_tls.o)
 .ARM.attributes
                0x000009c7       0x22 /home/jstifter/st/stm32cubeide_2.0.0_2/plugins/com.st.stm32cube.ide.mcu.externaltools.gnu-tools-for-stm32.13.3.rel1.linux64_1.0.100.202509120712/tools/bin/../lib/gcc/arm-none-eabi/13.3.1/thumb/v7e-m+fp/hard/crtn.o
OUTPUT(sharp_display.elf elf32-littlearm)
LOAD linker stubs
LOAD /home/jstifter/st/stm32cubeide_2.0.0_2/plugins/com.st.stm32cube.ide.mcu.externaltools.gnu-tools-for-stm32.13.3.rel1.linux64_1.0.100.202509120712/tools/bin/../lib/gcc/arm-none-eabi/13.3.1/../../../../arm-none-eabi/lib/thumb/v7e-m+fp/hard/libc.a
LOAD /home/jstifter/st/stm32cubeide_2.0.0_2/plugins/com.st.stm32cube.ide.mcu.externaltools.gnu-tools-for-stm32.13.3.rel1.linux64_1.0.100.202509120712/tools/bin/../lib/gcc/arm-none-eabi/13.3.1/../../../../arm-none-eabi/lib/thumb/v7e-m+fp/hard/libm.a
LOAD /home/jstifter/st/stm32cubeide_2.0.0_2/plugins/com.st.stm32cube.ide.mcu.externaltools.gnu-tools-for-stm32.13.3.rel1.linux64_1.0.100.202509120712/tools/bin/../lib/gcc/arm-none-eabi/13.3.1/thumb/v7e-m+fp/hard/libgcc.a

.debug_info     0x00000000    0x1512f
 .debug_info    0x00000000     0x1839 ./Core/Src/main.o
 .debug_info    0x00001839      0xfdc ./Core/Src/stm32f4xx_hal_msp.o
 .debug_info    0x00002815      0x6a5 ./Core/Src/stm32f4xx_it.o
 .debug_info    0x00002eba      0x168 ./Core/Src/sysmem.o
 .debug_info    0x00003022      0x512 ./Core/Src/system_stm32f4xx.o
 .debug_info    0x00003534       0x30 ./Core/Startup/startup_stm32f407vgtx.o
 .debug_info    0x00003564      0x944 ./Drivers/STM32F4xx_HAL_Driver/Src/stm32f4xx_hal.o
 .debug_info    0x00003ea8      0xd8c ./Drivers/STM32F4xx_HAL_Driver/Src/stm32f4xx_hal_cortex.o
 .debug_info    0x00004c34      0x6c3 ./Drivers/STM32F4xx_HAL_Driver/Src/stm32f4xx_hal_gpio.o
 .debug_info    0x000052f7     0x114c ./Drivers/STM32F4xx_HAL_Driver/Src/stm32f4xx_hal_hcd.o
 .debug_info    0x00006443     0x2415 ./Drivers/STM32F4xx_HAL_Driver/Src/stm32f4xx_hal_i2c.o
 .debug_info    0x00008858      0xe02 ./Drivers/STM32F4xx_HAL_Driver/Src/stm32f4xx_hal_i2s.o
 .debug_info    0x0000965a      0xaae ./Drivers/STM32F4xx_HAL_Driver/Src/stm32f4xx_hal_i2s_ex.o
 .debug_info    0x0000a108      0x8c3 ./Drivers/STM32F4xx_HAL_Driver/Src/stm32f4xx_hal_rcc.o
 .debug_info    0x0000a9cb      0x536 ./Drivers/STM32F4xx_HAL_Driver/Src/stm32f4xx_hal_rcc_ex.o
 .debug_info    0x0000af01     0x1525 ./Drivers/STM32F4xx_HAL_Driver/Src/stm32f4xx_hal_spi.o
 .debug_info    0x0000c426     0x1993 ./Drivers/STM32F4xx_HAL_Driver/Src/stm32f4xx_ll_usb.o
 .debug_info    0x0000ddb9     0x1479 ./Middlewares/ST/STM32_USB_Host_Library/Class/CDC/Src/usbh_cdc.o
 .debug_info    0x0000f232      0xfb5 ./Middlewares/ST/STM32_USB_Host_Library/Core/Src/usbh_core.o
 .debug_info    0x000101e7      0xfaf ./Middlewares/ST/STM32_USB_Host_Library/Core/Src/usbh_ctlreq.o
 .debug_info    0x00011196      0xc2e ./Middlewares/ST/STM32_USB_Host_Library/Core/Src/usbh_ioreq.o
 .debug_info    0x00011dc4      0xa91 ./Middlewares/ST/STM32_USB_Host_Library/Core/Src/usbh_pipes.o
 .debug_info    0x00012855      0xa13 ./USB_HOST/App/usb_host.o
 .debug_info    0x00013268     0x1cef ./USB_HOST/Target/usbh_conf.o
 .debug_info    0x00014f57      0x1d8 ./USB_HOST/Target/usbh_platform.o

.debug_abbrev   0x00000000     0x39c7
 .debug_abbrev  0x00000000      0x3e3 ./Core/Src/main.o
 .debug_abbrev  0x000003e3      0x228 ./Core/Src/stm32f4xx_hal_msp.o
 .debug_abbrev  0x0000060b      0x1a4 ./Core/Src/stm32f4xx_it.o
 .debug_abbrev  0x000007af       0xbc ./Core/Src/sysmem.o
 .debug_abbrev  0x0000086b      0x11a ./Core/Src/system_stm32f4xx.o
 .debug_abbrev  0x00000985       0x24 ./Core/Startup/startup_stm32f407vgtx.o
 .debug_abbrev  0x000009a9      0x214 ./Drivers/STM32F4xx_HAL_Driver/Src/stm32f4xx_hal.o
 .debug_abbrev  0x00000bbd      0x31d ./Drivers/STM32F4xx_HAL_Driver/Src/stm32f4xx_hal_cortex.o
 .debug_abbrev  0x00000eda      0x1d4 ./Drivers/STM32F4xx_HAL_Driver/Src/stm32f4xx_hal_gpio.o
 .debug_abbrev  0x000010ae      0x296 ./Drivers/STM32F4xx_HAL_Driver/Src/stm32f4xx_hal_hcd.o
 .debug_abbrev  0x00001344      0x2ad ./Drivers/STM32F4xx_HAL_Driver/Src/stm32f4xx_hal_i2c.o
 .debug_abbrev  0x000015f1      0x25d ./Drivers/STM32F4xx_HAL_Driver/Src/stm32f4xx_hal_i2s.o
 .debug_abbrev  0x0000184e      0x276 ./Drivers/STM32F4xx_HAL_Driver/Src/stm32f4xx_hal_i2s_ex.o
 .debug_abbrev  0x00001ac4      0x2b7 ./Drivers/STM32F4xx_HAL_Driver/Src/stm32f4xx_hal_rcc.o
 .debug_abbrev  0x00001d7b      0x1b0 ./Drivers/STM32F4xx_HAL_Driver/Src/stm32f4xx_hal_rcc_ex.o
 .debug_abbrev  0x00001f2b      0x27a ./Drivers/STM32F4xx_HAL_Driver/Src/stm32f4xx_hal_spi.o
 .debug_abbrev  0x000021a5      0x2b3 ./Drivers/STM32F4xx_HAL_Driver/Src/stm32f4xx_ll_usb.o
 .debug_abbrev  0x00002458      0x33c ./Middlewares/ST/STM32_USB_Host_Library/Class/CDC/Src/usbh_cdc.o
 .debug_abbrev  0x00002794      0x32a ./Middlewares/ST/STM32_USB_Host_Library/Core/Src/usbh_core.o
 .debug_abbrev  0x00002abe      0x2ff ./Middlewares/ST/STM32_USB_Host_Library/Core/Src/usbh_ctlreq.o
 .debug_abbrev  0x00002dbd      0x245 ./Middlewares/ST/STM32_USB_Host_Library/Core/Src/usbh_ioreq.o
 .debug_abbrev  0x00003002      0x281 ./Middlewares/ST/STM32_USB_Host_Library/Core/Src/usbh_pipes.o
 .debug_abbrev  0x00003283      0x26e ./USB_HOST/App/usb_host.o
 .debug_abbrev  0x000034f1      0x3c2 ./USB_HOST/Target/usbh_conf.o
 .debug_abbrev  0x000038b3      0x114 ./USB_HOST/Target/usbh_platform.o

.debug_aranges  0x00000000     0x11e0
 .debug_aranges
                0x00000000       0xe8 ./Core/Src/main.o
 .debug_aranges
                0x000000e8       0x50 ./Core/Src/stm32f4xx_hal_msp.o
 .debug_aranges
                0x00000138       0x68 ./Core/Src/stm32f4xx_it.o
 .debug_aranges
                0x000001a0       0x20 ./Core/Src/sysmem.o
 .debug_aranges
                0x000001c0       0x28 ./Core/Src/system_stm32f4xx.o
 .debug_aranges
                0x000001e8       0x28 ./Core/Startup/startup_stm32f407vgtx.o
 .debug_aranges
                0x00000210       0xf0 ./Drivers/STM32F4xx_HAL_Driver/Src/stm32f4xx_hal.o
 .debug_aranges
                0x00000300      0x130 ./Drivers/STM32F4xx_HAL_Driver/Src/stm32f4xx_hal_cortex.o
 .debug_aranges
                0x00000430       0x58 ./Drivers/STM32F4xx_HAL_Driver/Src/stm32f4xx_hal_gpio.o
 .debug_aranges
                0x00000488      0x108 ./Drivers/STM32F4xx_HAL_Driver/Src/stm32f4xx_hal_hcd.o
 .debug_aranges
                0x00000590      0x2a8 ./Drivers/STM32F4xx_HAL_Driver/Src/stm32f4xx_hal_i2c.o
 .debug_aranges
                0x00000838      0x108 ./Drivers/STM32F4xx_HAL_Driver/Src/stm32f4xx_hal_i2s.o
 .debug_aranges
                0x00000940       0x88 ./Drivers/STM32F4xx_HAL_Driver/Src/stm32f4xx_hal_i2s_ex.o
 .debug_aranges
                0x000009c8       0x88 ./Drivers/STM32F4xx_HAL_Driver/Src/stm32f4xx_hal_rcc.o
 .debug_aranges
                0x00000a50       0x48 ./Drivers/STM32F4xx_HAL_Driver/Src/stm32f4xx_hal_rcc_ex.o
 .debug_aranges
                0x00000a98      0x1d0 ./Drivers/STM32F4xx_HAL_Driver/Src/stm32f4xx_hal_spi.o
 .debug_aranges
                0x00000c68      0x1a0 ./Drivers/STM32F4xx_HAL_Driver/Src/stm32f4xx_ll_usb.o
 .debug_aranges
                0x00000e08       0xa8 ./Middlewares/ST/STM32_USB_Host_Library/Class/CDC/Src/usbh_cdc.o
 .debug_aranges
                0x00000eb0       0xc0 ./Middlewares/ST/STM32_USB_Host_Library/Core/Src/usbh_core.o
 .debug_aranges
                0x00000f70       0xa0 ./Middlewares/ST/STM32_USB_Host_Library/Core/Src/usbh_ctlreq.o
 .debug_aranges
                0x00001010       0x60 ./Middlewares/ST/STM32_USB_Host_Library/Core/Src/usbh_ioreq.o
 .debug_aranges
                0x00001070       0x40 ./Middlewares/ST/STM32_USB_Host_Library/Core/Src/usbh_pipes.o
 .debug_aranges
                0x000010b0       0x30 ./USB_HOST/App/usb_host.o
 .debug_aranges
                0x000010e0       0xe0 ./USB_HOST/Target/usbh_conf.o
 .debug_aranges
                0x000011c0       0x20 ./USB_HOST/Target/usbh_platform.o

.debug_rnglists
                0x00000000      0xd9e
 .debug_rnglists
                0x00000000       0xb2 ./Core/Src/main.o
 .debug_rnglists
                0x000000b2       0x3a ./Core/Src/stm32f4xx_hal_msp.o
 .debug_rnglists
                0x000000ec       0x49 ./Core/Src/stm32f4xx_it.o
 .debug_rnglists
                0x00000135       0x13 ./Core/Src/sysmem.o
 .debug_rnglists
                0x00000148       0x1a ./Core/Src/system_stm32f4xx.o
 .debug_rnglists
                0x00000162       0x19 ./Core/Startup/startup_stm32f407vgtx.o
 .debug_rnglists
                0x0000017b       0xaf ./Drivers/STM32F4xx_HAL_Driver/Src/stm32f4xx_hal.o
 .debug_rnglists
                0x0000022a       0xe0 ./Drivers/STM32F4xx_HAL_Driver/Src/stm32f4xx_hal_cortex.o
 .debug_rnglists
                0x0000030a       0x3f ./Drivers/STM32F4xx_HAL_Driver/Src/stm32f4xx_hal_gpio.o
 .debug_rnglists
                0x00000349       0xca ./Drivers/STM32F4xx_HAL_Driver/Src/stm32f4xx_hal_hcd.o
 .debug_rnglists
                0x00000413      0x23c ./Drivers/STM32F4xx_HAL_Driver/Src/stm32f4xx_hal_i2c.o
 .debug_rnglists
                0x0000064f       0xcc ./Drivers/STM32F4xx_HAL_Driver/Src/stm32f4xx_hal_i2s.o
 .debug_rnglists
                0x0000071b       0x6a ./Drivers/STM32F4xx_HAL_Driver/Src/stm32f4xx_hal_i2s_ex.o
 .debug_rnglists
                0x00000785       0x66 ./Drivers/STM32F4xx_HAL_Driver/Src/stm32f4xx_hal_rcc.o
 .debug_rnglists
                0x000007eb       0x35 ./Drivers/STM32F4xx_HAL_Driver/Src/stm32f4xx_hal_rcc_ex.o
 .debug_rnglists
                0x00000820      0x16f ./Drivers/STM32F4xx_HAL_Driver/Src/stm32f4xx_hal_spi.o
 .debug_rnglists
                0x0000098f      0x147 ./Drivers/STM32F4xx_HAL_Driver/Src/stm32f4xx_ll_usb.o
 .debug_rnglists
                0x00000ad6       0x7e ./Middlewares/ST/STM32_USB_Host_Library/Class/CDC/Src/usbh_cdc.o
 .debug_rnglists
                0x00000b54       0x8f ./Middlewares/ST/STM32_USB_Host_Library/Core/Src/usbh_core.o
 .debug_rnglists
                0x00000be3       0x77 ./Middlewares/ST/STM32_USB_Host_Library/Core/Src/usbh_ctlreq.o
 .debug_rnglists
                0x00000c5a       0x43 ./Middlewares/ST/STM32_USB_Host_Library/Core/Src/usbh_ioreq.o
 .debug_rnglists
                0x00000c9d       0x2b ./Middlewares/ST/STM32_USB_Host_Library/Core/Src/usbh_pipes.o
 .debug_rnglists
                0x00000cc8       0x1f ./USB_HOST/App/usb_host.o
 .debug_rnglists
                0x00000ce7       0xa4 ./USB_HOST/Target/usbh_conf.o
 .debug_rnglists
                0x00000d8b       0x13 ./USB_HOST/Target/usbh_platform.o

.debug_macro    0x00000000    0x23f00
 .debug_macro   0x00000000      0x3a8 ./Core/Src/main.o
 .debug_macro   0x000003a8      0xad8 ./Core/Src/main.o
 .debug_macro   0x00000e80      0x2a7 ./Core/Src/main.o
 .debug_macro   0x00001127       0x2e ./Core/Src/main.o
 .debug_macro   0x00001155       0x2f ./Core/Src/main.o
 .debug_macro   0x00001184       0x22 ./Core/Src/main.o
 .debug_macro   0x000011a6       0x8e ./Core/Src/main.o
 .debug_macro   0x00001234       0x51 ./Core/Src/main.o
 .debug_macro   0x00001285      0x103 ./Core/Src/main.o
 .debug_macro   0x00001388       0x6a ./Core/Src/main.o
 .debug_macro   0x000013f2      0x1df ./Core/Src/main.o
 .debug_macro   0x000015d1       0x1c ./Core/Src/main.o
 .debug_macro   0x000015ed       0x22 ./Core/Src/main.o
 .debug_macro   0x0000160f       0xfb ./Core/Src/main.o
 .debug_macro   0x0000170a     0x1011 ./Core/Src/main.o
 .debug_macro   0x0000271b      0x11f ./Core/Src/main.o
 .debug_macro   0x0000283a    0x15ea5 ./Core/Src/main.o
 .debug_macro   0x000186df       0x6d ./Core/Src/main.o
 .debug_macro   0x0001874c     0x3693 ./Core/Src/main.o
 .debug_macro   0x0001bddf      0x190 ./Core/Src/main.o
 .debug_macro   0x0001bf6f       0x5c ./Core/Src/main.o
 .debug_macro   0x0001bfcb      0x980 ./Core/Src/main.o
 .debug_macro   0x0001c94b      0x9e9 ./Core/Src/main.o
 .debug_macro   0x0001d334      0x115 ./Core/Src/main.o
 .debug_macro   0x0001d449      0x13e ./Core/Src/main.o
 .debug_macro   0x0001d587       0xa5 ./Core/Src/main.o
 .debug_macro   0x0001d62c      0x174 ./Core/Src/main.o
 .debug_macro   0x0001d7a0      0x287 ./Core/Src/main.o
 .debug_macro   0x0001da27       0x5f ./Core/Src/main.o
 .debug_macro   0x0001da86      0x236 ./Core/Src/main.o
 .debug_macro   0x0001dcbc      0x12c ./Core/Src/main.o
 .debug_macro   0x0001dde8      0x21e ./Core/Src/main.o
 .debug_macro   0x0001e006       0x2e ./Core/Src/main.o
 .debug_macro   0x0001e034      0x1b5 ./Core/Src/main.o
 .debug_macro   0x0001e1e9       0xd6 ./Core/Src/main.o
 .debug_macro   0x0001e2bf      0x1a7 ./Core/Src/main.o
 .debug_macro   0x0001e466       0x46 ./Core/Src/main.o
 .debug_macro   0x0001e4ac       0x4a ./Core/Src/main.o
 .debug_macro   0x0001e4f6      0x127 ./Core/Src/main.o
 .debug_macro   0x0001e61d       0x7e ./Core/Src/main.o
 .debug_macro   0x0001e69b       0x89 ./Core/Src/main.o
 .debug_macro   0x0001e724      0x225 ./Core/Src/main.o
 .debug_macro   0x0001e949      0x293 ./Core/Src/main.o
 .debug_macro   0x0001ebdc       0x98 ./Core/Src/main.o
 .debug_macro   0x0001ec74      0x12d ./Core/Src/main.o
 .debug_macro   0x0001eda1      0x190 ./Core/Src/main.o
 .debug_macro   0x0001ef31       0x61 ./Core/Src/main.o
 .debug_macro   0x0001ef92       0x2a ./Core/Src/main.o
 .debug_macro   0x0001efbc       0x43 ./Core/Src/main.o
 .debug_macro   0x0001efff       0x34 ./Core/Src/main.o
 .debug_macro   0x0001f033       0x16 ./Core/Src/main.o
 .debug_macro   0x0001f049       0x3c ./Core/Src/main.o
 .debug_macro   0x0001f085      0x370 ./Core/Src/main.o
 .debug_macro   0x0001f3f5       0x10 ./Core/Src/main.o
 .debug_macro   0x0001f405       0x16 ./Core/Src/main.o
 .debug_macro   0x0001f41b       0x4a ./Core/Src/main.o
 .debug_macro   0x0001f465       0x34 ./Core/Src/main.o
 .debug_macro   0x0001f499       0x10 ./Core/Src/main.o
 .debug_macro   0x0001f4a9       0x58 ./Core/Src/main.o
 .debug_macro   0x0001f501       0x8e ./Core/Src/main.o
 .debug_macro   0x0001f58f       0x1c ./Core/Src/main.o
 .debug_macro   0x0001f5ab      0x185 ./Core/Src/main.o
 .debug_macro   0x0001f730       0x16 ./Core/Src/main.o
 .debug_macro   0x0001f746       0x16 ./Core/Src/main.o
 .debug_macro   0x0001f75c      0x146 ./Core/Src/main.o
 .debug_macro   0x0001f8a2       0x1c ./Core/Src/main.o
 .debug_macro   0x0001f8be       0x16 ./Core/Src/main.o
 .debug_macro   0x0001f8d4       0x20 ./Core/Src/main.o
 .debug_macro   0x0001f8f4      0x215 ./Core/Src/stm32f4xx_hal_msp.o
 .debug_macro   0x0001fb09      0x21f ./Core/Src/stm32f4xx_it.o
 .debug_macro   0x0001fd28      0x112 ./Core/Src/sysmem.o
 .debug_macro   0x0001fe3a      0x23c ./Core/Src/sysmem.o
 .debug_macro   0x00020076      0x206 ./Core/Src/system_stm32f4xx.o
 .debug_macro   0x0002027c      0x266 ./Drivers/STM32F4xx_HAL_Driver/Src/stm32f4xx_hal.o
 .debug_macro   0x000204e2      0x206 ./Drivers/STM32F4xx_HAL_Driver/Src/stm32f4xx_hal_cortex.o
 .debug_macro   0x000206e8      0x20c ./Drivers/STM32F4xx_HAL_Driver/Src/stm32f4xx_hal_gpio.o
 .debug_macro   0x000208f4      0x206 ./Drivers/STM32F4xx_HAL_Driver/Src/stm32f4xx_hal_hcd.o
 .debug_macro   0x00020afa      0x254 ./Drivers/STM32F4xx_HAL_Driver/Src/stm32f4xx_hal_i2c.o
 .debug_macro   0x00020d4e      0x20e ./Drivers/STM32F4xx_HAL_Driver/Src/stm32f4xx_hal_i2s.o
 .debug_macro   0x00020f5c      0x206 ./Drivers/STM32F4xx_HAL_Driver/Src/stm32f4xx_hal_i2s_ex.o
 .debug_macro   0x00021162      0x22a ./Drivers/STM32F4xx_HAL_Driver/Src/stm32f4xx_hal_rcc.o
 .debug_macro   0x0002138c      0x206 ./Drivers/STM32F4xx_HAL_Driver/Src/stm32f4xx_hal_rcc_ex.o
 .debug_macro   0x00021592      0x215 ./Drivers/STM32F4xx_HAL_Driver/Src/stm32f4xx_hal_spi.o
 .debug_macro   0x000217a7      0x206 ./Drivers/STM32F4xx_HAL_Driver/Src/stm32f4xx_ll_usb.o
 .debug_macro   0x000219ad      0x3ad ./Middlewares/ST/STM32_USB_Host_Library/Class/CDC/Src/usbh_cdc.o
 .debug_macro   0x00021d5a       0x9e ./Middlewares/ST/STM32_USB_Host_Library/Class/CDC/Src/usbh_cdc.o
 .debug_macro   0x00021df8      0x112 ./Middlewares/ST/STM32_USB_Host_Library/Class/CDC/Src/usbh_cdc.o
 .debug_macro   0x00021f0a       0x56 ./Middlewares/ST/STM32_USB_Host_Library/Class/CDC/Src/usbh_cdc.o
 .debug_macro   0x00021f60       0x73 ./Middlewares/ST/STM32_USB_Host_Library/Class/CDC/Src/usbh_cdc.o
 .debug_macro   0x00021fd3      0x23a ./Middlewares/ST/STM32_USB_Host_Library/Class/CDC/Src/usbh_cdc.o
 .debug_macro   0x0002220d       0x2e ./Middlewares/ST/STM32_USB_Host_Library/Class/CDC/Src/usbh_cdc.o
 .debug_macro   0x0002223b       0x2e ./Middlewares/ST/STM32_USB_Host_Library/Class/CDC/Src/usbh_cdc.o
 .debug_macro   0x00022269       0x28 ./Middlewares/ST/STM32_USB_Host_Library/Class/CDC/Src/usbh_cdc.o
 .debug_macro   0x00022291      0x15b ./Middlewares/ST/STM32_USB_Host_Library/Class/CDC/Src/usbh_cdc.o
 .debug_macro   0x000223ec      0x3aa ./Middlewares/ST/STM32_USB_Host_Library/Core/Src/usbh_core.o
 .debug_macro   0x00022796      0x3a2 ./Middlewares/ST/STM32_USB_Host_Library/Core/Src/usbh_ctlreq.o
 .debug_macro   0x00022b38       0x28 ./Middlewares/ST/STM32_USB_Host_Library/Core/Src/usbh_ctlreq.o
 .debug_macro   0x00022b60      0x39c ./Middlewares/ST/STM32_USB_Host_Library/Core/Src/usbh_ioreq.o
 .debug_macro   0x00022efc      0x39c ./Middlewares/ST/STM32_USB_Host_Library/Core/Src/usbh_pipes.o
 .debug_macro   0x00023298      0x3ab ./USB_HOST/App/usb_host.o
 .debug_macro   0x00023643      0x196 ./USB_HOST/App/usb_host.o
 .debug_macro   0x000237d9      0x161 ./USB_HOST/App/usb_host.o
 .debug_macro   0x0002393a      0x3ac ./USB_HOST/Target/usbh_conf.o
 .debug_macro   0x00023ce6      0x21a ./USB_HOST/Target/usbh_platform.o

.debug_line     0x00000000    0x17ba6
 .debug_line    0x00000000     0x1017 ./Core/Src/main.o