../Core/Src/main.c:105:16:bitrev8	16	static
../Core/Src/main.c:114:13:mark_all_dirty	8	static
../Core/Src/main.c:120:20:sharp_toggle_vcom_bit	4	static
../Core/Src/main.c:125:13:sharp_select	8	static
../Core/Src/main.c:130:13:sharp_deselect	8	static
../Core/Src/main.c:135:13:sharp_write8	16	static
../Core/Src/main.c:155:13:sharp_clear	16	static
../Core/Src/main.c:167:13:sharp_vcom	16	static
../Core/Src/main.c:178:13:write_lines	56	dynamic
../Core/Src/main.c:241:13:build_pixel_cluster	32	static
../Core/Src/main.c:267:13:clear_area	24	static
../Core/Src/main.c:296:13:print_area	24	static
../Core/Src/main.c:349:12:print_string	80	dynamic
../Core/Src/main.c:431:13:init_display	16	static
../Core/Src/main.c:452:5:display_speed	24	static
../Core/Src/main.c:462:5:display_soc	24	static
../Core/Src/main.c:472:5:display_text	16	static
../Core/Src/main.c:478:5:display_menu_num	32	static
../Core/Src/main.c:506:13:write_sharp	256	static
../Core/Src/main.c:538:5:main	8	static
../Core/Src/main.c:593:6:SystemClock_Config	88	static
../Core/Src/main.c:639:13:MX_I2C1_Init	8	static
../Core/Src/main.c:673:13:MX_I2S3_Init	8	static
../Core/Src/main.c:707:13:MX_SPI2_Init	8	static
../Core/Src/main.c:745:13:MX_GPIO_Init	56	static
../Core/Src/main.c:864:6:Error_Handler	4	static,ignoring_inline_asm
